Archive member included to satisfy reference by file (symbol)

c:/st/stm32cubeide_1.4.0/stm32cubeide/plugins/com.st.stm32cube.ide.mcu.externaltools.gnu-tools-for-stm32.7-2018-q2-update.win32_1.4.0.202007081208/tools/bin/../lib/gcc/arm-none-eabi/7.3.1/../../../../arm-none-eabi/lib/thumb/v7e-m/fpv4-sp/hard\libc_nano.a(lib_a-errno.o)
                              Core/Src/syscalls.o (__errno)
c:/st/stm32cubeide_1.4.0/stm32cubeide/plugins/com.st.stm32cube.ide.mcu.externaltools.gnu-tools-for-stm32.7-2018-q2-update.win32_1.4.0.202007081208/tools/bin/../lib/gcc/arm-none-eabi/7.3.1/../../../../arm-none-eabi/lib/thumb/v7e-m/fpv4-sp/hard\libc_nano.a(lib_a-exit.o)
                              c:/st/stm32cubeide_1.4.0/stm32cubeide/plugins/com.st.stm32cube.ide.mcu.externaltools.gnu-tools-for-stm32.7-2018-q2-update.win32_1.4.0.202007081208/tools/bin/../lib/gcc/arm-none-eabi/7.3.1/../../../../arm-none-eabi/lib/thumb/v7e-m/fpv4-sp/hard/crt0.o (exit)
c:/st/stm32cubeide_1.4.0/stm32cubeide/plugins/com.st.stm32cube.ide.mcu.externaltools.gnu-tools-for-stm32.7-2018-q2-update.win32_1.4.0.202007081208/tools/bin/../lib/gcc/arm-none-eabi/7.3.1/../../../../arm-none-eabi/lib/thumb/v7e-m/fpv4-sp/hard\libc_nano.a(lib_a-impure.o)
                              c:/st/stm32cubeide_1.4.0/stm32cubeide/plugins/com.st.stm32cube.ide.mcu.externaltools.gnu-tools-for-stm32.7-2018-q2-update.win32_1.4.0.202007081208/tools/bin/../lib/gcc/arm-none-eabi/7.3.1/../../../../arm-none-eabi/lib/thumb/v7e-m/fpv4-sp/hard\libc_nano.a(lib_a-exit.o) (_global_impure_ptr)
c:/st/stm32cubeide_1.4.0/stm32cubeide/plugins/com.st.stm32cube.ide.mcu.externaltools.gnu-tools-for-stm32.7-2018-q2-update.win32_1.4.0.202007081208/tools/bin/../lib/gcc/arm-none-eabi/7.3.1/../../../../arm-none-eabi/lib/thumb/v7e-m/fpv4-sp/hard\libc_nano.a(lib_a-init.o)
                              c:/st/stm32cubeide_1.4.0/stm32cubeide/plugins/com.st.stm32cube.ide.mcu.externaltools.gnu-tools-for-stm32.7-2018-q2-update.win32_1.4.0.202007081208/tools/bin/../lib/gcc/arm-none-eabi/7.3.1/../../../../arm-none-eabi/lib/thumb/v7e-m/fpv4-sp/hard/crt0.o (__libc_init_array)
c:/st/stm32cubeide_1.4.0/stm32cubeide/plugins/com.st.stm32cube.ide.mcu.externaltools.gnu-tools-for-stm32.7-2018-q2-update.win32_1.4.0.202007081208/tools/bin/../lib/gcc/arm-none-eabi/7.3.1/../../../../arm-none-eabi/lib/thumb/v7e-m/fpv4-sp/hard\libc_nano.a(lib_a-memcmp.o)
                              Middlewares/ST/STM32_WPAN/ble/core/template/osal.o (memcmp)
c:/st/stm32cubeide_1.4.0/stm32cubeide/plugins/com.st.stm32cube.ide.mcu.externaltools.gnu-tools-for-stm32.7-2018-q2-update.win32_1.4.0.202007081208/tools/bin/../lib/gcc/arm-none-eabi/7.3.1/../../../../arm-none-eabi/lib/thumb/v7e-m/fpv4-sp/hard\libc_nano.a(lib_a-memcpy-stub.o)
                              Middlewares/ST/STM32_WPAN/ble/core/template/osal.o (memcpy)
c:/st/stm32cubeide_1.4.0/stm32cubeide/plugins/com.st.stm32cube.ide.mcu.externaltools.gnu-tools-for-stm32.7-2018-q2-update.win32_1.4.0.202007081208/tools/bin/../lib/gcc/arm-none-eabi/7.3.1/../../../../arm-none-eabi/lib/thumb/v7e-m/fpv4-sp/hard\libc_nano.a(lib_a-memset.o)
                              c:/st/stm32cubeide_1.4.0/stm32cubeide/plugins/com.st.stm32cube.ide.mcu.externaltools.gnu-tools-for-stm32.7-2018-q2-update.win32_1.4.0.202007081208/tools/bin/../lib/gcc/arm-none-eabi/7.3.1/../../../../arm-none-eabi/lib/thumb/v7e-m/fpv4-sp/hard/crt0.o (memset)
c:/st/stm32cubeide_1.4.0/stm32cubeide/plugins/com.st.stm32cube.ide.mcu.externaltools.gnu-tools-for-stm32.7-2018-q2-update.win32_1.4.0.202007081208/tools/bin/../lib/gcc/arm-none-eabi/7.3.1/../../../../arm-none-eabi/lib/thumb/v7e-m/fpv4-sp/hard\libc_nano.a(lib_a-printf.o)
                              Middlewares/ST/STM32_WPAN/utilities/dbg_trace.o (printf)
c:/st/stm32cubeide_1.4.0/stm32cubeide/plugins/com.st.stm32cube.ide.mcu.externaltools.gnu-tools-for-stm32.7-2018-q2-update.win32_1.4.0.202007081208/tools/bin/../lib/gcc/arm-none-eabi/7.3.1/../../../../arm-none-eabi/lib/thumb/v7e-m/fpv4-sp/hard\libc_nano.a(lib_a-strlen.o)
                              STM32_WPAN/App/app_ble.o (strlen)
c:/st/stm32cubeide_1.4.0/stm32cubeide/plugins/com.st.stm32cube.ide.mcu.externaltools.gnu-tools-for-stm32.7-2018-q2-update.win32_1.4.0.202007081208/tools/bin/../lib/gcc/arm-none-eabi/7.3.1/../../../../arm-none-eabi/lib/thumb/v7e-m/fpv4-sp/hard\libc_nano.a(lib_a-strrchr.o)
                              Middlewares/ST/STM32_WPAN/utilities/dbg_trace.o (strrchr)
c:/st/stm32cubeide_1.4.0/stm32cubeide/plugins/com.st.stm32cube.ide.mcu.externaltools.gnu-tools-for-stm32.7-2018-q2-update.win32_1.4.0.202007081208/tools/bin/../lib/gcc/arm-none-eabi/7.3.1/../../../../arm-none-eabi/lib/thumb/v7e-m/fpv4-sp/hard\libc_nano.a(lib_a-vprintf.o)
                              Middlewares/ST/STM32_WPAN/utilities/dbg_trace.o (vprintf)
[...]
Memory Configuration

Name             Origin             Length             Attributes
FLASH            0x0000000008000000 0x0000000000080000 xr
RAM1             0x0000000020000004 0x000000000002fffc xrw
RAM_SHARED       0x0000000020030000 0x0000000000002800 xrw
*default*        0x0000000000000000 0xffffffffffffffff

Linker script and memory map

LOAD c:/st/stm32cubeide_1.4.0/stm32cubeide/plugins/com.st.stm32cube.ide.mcu.externaltools.gnu-tools-for-stm32.7-2018-q2-update.win32_1.4.0.202007081208/tools/bin/../lib/gcc/arm-none-eabi/7.3.1/thumb/v7e-m/fpv4-sp/hard/crti.o
LOAD c:/st/stm32cubeide_1.4.0/stm32cubeide/plugins/com.st.stm32cube.ide.mcu.externaltools.gnu-tools-for-stm32.7-2018-q2-update.win32_1.4.0.202007081208/tools/bin/../lib/gcc/arm-none-eabi/7.3.1/thumb/v7e-m/fpv4-sp/hard/crtbegin.o
LOAD c:/st/stm32cubeide_1.4.0/stm32cubeide/plugins/com.st.stm32cube.ide.mcu.externaltools.gnu-tools-for-stm32.7-2018-q2-update.win32_1.4.0.202007081208/tools/bin/../lib/gcc/arm-none-eabi/7.3.1/../../../../arm-none-eabi/lib/thumb/v7e-m/fpv4-sp/hard/crt0.o
LOAD Core/Src/app_debug.o
LOAD Core/Src/app_entry.o
LOAD Core/Src/hw_timerserver.o
LOAD Core/Src/main.o
LOAD Core/Src/stm32_lpm_if.o
LOAD Core/Src/stm32wbxx_hal_msp.o
LOAD Core/Src/stm32wbxx_it.o
LOAD Core/Src/syscalls.o
LOAD Core/Src/sysmem.o
LOAD Core/Src/system_stm32wbxx.o
LOAD Core/Startup/startup_stm32wb55rgvx.o
LOAD Drivers/STM32WBxx_HAL_Driver/Src/stm32wbxx_hal.o
LOAD Drivers/STM32WBxx_HAL_Driver/Src/stm32wbxx_hal_cortex.o
LOAD Drivers/STM32WBxx_HAL_Driver/Src/stm32wbxx_hal_crc.o
LOAD Drivers/STM32WBxx_HAL_Driver/Src/stm32wbxx_hal_crc_ex.o
LOAD Drivers/STM32WBxx_HAL_Driver/Src/stm32wbxx_hal_dma.o
LOAD Drivers/STM32WBxx_HAL_Driver/Src/stm32wbxx_hal_dma_ex.o
LOAD Drivers/STM32WBxx_HAL_Driver/Src/stm32wbxx_hal_exti.o
LOAD Drivers/STM32WBxx_HAL_Driver/Src/stm32wbxx_hal_flash.o
LOAD Drivers/STM32WBxx_HAL_Driver/Src/stm32wbxx_hal_flash_ex.o
LOAD Drivers/STM32WBxx_HAL_Driver/Src/stm32wbxx_hal_gpio.o
LOAD Drivers/STM32WBxx_HAL_Driver/Src/stm32wbxx_hal_hsem.o
LOAD Drivers/STM32WBxx_HAL_Driver/Src/stm32wbxx_hal_pwr.o
LOAD Drivers/STM32WBxx_HAL_Driver/Src/stm32wbxx_hal_pwr_ex.o
LOAD Drivers/STM32WBxx_HAL_Driver/Src/stm32wbxx_hal_rcc.o
LOAD Drivers/STM32WBxx_HAL_Driver/Src/stm32wbxx_hal_rcc_ex.o
LOAD Drivers/STM32WBxx_HAL_Driver/Src/stm32wbxx_hal_rng.o
LOAD Drivers/STM32WBxx_HAL_Driver/Src/stm32wbxx_hal_rtc.o
LOAD Drivers/STM32WBxx_HAL_Driver/Src/stm32wbxx_hal_rtc_ex.o
LOAD Drivers/STM32WBxx_HAL_Driver/Src/stm32wbxx_hal_tim.o
LOAD Drivers/STM32WBxx_HAL_Driver/Src/stm32wbxx_hal_tim_ex.o
LOAD Middlewares/ST/STM32_WPAN/ble/core/auto/ble_gap_aci.o
LOAD Middlewares/ST/STM32_WPAN/ble/core/auto/ble_gatt_aci.o
LOAD Middlewares/ST/STM32_WPAN/ble/core/auto/ble_hal_aci.o
LOAD Middlewares/ST/STM32_WPAN/ble/core/auto/ble_hci_le.o
LOAD Middlewares/ST/STM32_WPAN/ble/core/template/osal.o
LOAD Middlewares/ST/STM32_WPAN/ble/svc/Src/svc_ctl.o
LOAD Middlewares/ST/STM32_WPAN/interface/patterns/ble_thread/shci/shci.o
LOAD Middlewares/ST/STM32_WPAN/interface/patterns/ble_thread/tl/hci_tl.o
LOAD Middlewares/ST/STM32_WPAN/interface/patterns/ble_thread/tl/hci_tl_if.o
LOAD Middlewares/ST/STM32_WPAN/interface/patterns/ble_thread/tl/shci_tl.o
LOAD Middlewares/ST/STM32_WPAN/interface/patterns/ble_thread/tl/shci_tl_if.o
LOAD Middlewares/ST/STM32_WPAN/interface/patterns/ble_thread/tl/tl_mbox.o
LOAD Middlewares/ST/STM32_WPAN/utilities/dbg_trace.o
LOAD Middlewares/ST/STM32_WPAN/utilities/otp.o
LOAD Middlewares/ST/STM32_WPAN/utilities/stm_list.o
LOAD Middlewares/ST/STM32_WPAN/utilities/stm_queue.o
LOAD STM32_WPAN/App/app_ble.o
LOAD STM32_WPAN/App/custom_app.o
LOAD STM32_WPAN/App/custom_stm.o
LOAD STM32_WPAN/Target/hw_ipcc.o
LOAD Utilities/lpm/tiny_lpm/stm32_lpm.o
LOAD Utilities/sequencer/stm32_seq.o
START GROUP
LOAD c:/st/stm32cubeide_1.4.0/stm32cubeide/plugins/com.st.stm32cube.ide.mcu.externaltools.gnu-tools-for-stm32.7-2018-q2-update.win32_1.4.0.202007081208/tools/bin/../lib/gcc/arm-none-eabi/7.3.1/../../../../arm-none-eabi/lib/thumb/v7e-m/fpv4-sp/hard\libc_nano.a
LOAD c:/st/stm32cubeide_1.4.0/stm32cubeide/plugins/com.st.stm32cube.ide.mcu.externaltools.gnu-tools-for-stm32.7-2018-q2-update.win32_1.4.0.202007081208/tools/bin/../lib/gcc/arm-none-eabi/7.3.1/../../../../arm-none-eabi/lib/thumb/v7e-m/fpv4-sp/hard\libm.a
END GROUP
START GROUP
LOAD c:/st/stm32cubeide_1.4.0/stm32cubeide/plugins/com.st.stm32cube.ide.mcu.externaltools.gnu-tools-for-stm32.7-2018-q2-update.win32_1.4.0.202007081208/tools/bin/../lib/gcc/arm-none-eabi/7.3.1/thumb/v7e-m/fpv4-sp/hard\libgcc.a
LOAD c:/st/stm32cubeide_1.4.0/stm32cubeide/plugins/com.st.stm32cube.ide.mcu.externaltools.gnu-tools-for-stm32.7-2018-q2-update.win32_1.4.0.202007081208/tools/bin/../lib/gcc/arm-none-eabi/7.3.1/../../../../arm-none-eabi/lib/thumb/v7e-m/fpv4-sp/hard\libc_nano.a
END GROUP
START GROUP
LOAD c:/st/stm32cubeide_1.4.0/stm32cubeide/plugins/com.st.stm32cube.ide.mcu.externaltools.gnu-tools-for-stm32.7-2018-q2-update.win32_1.4.0.202007081208/tools/bin/../lib/gcc/arm-none-eabi/7.3.1/thumb/v7e-m/fpv4-sp/hard\libgcc.a
LOAD c:/st/stm32cubeide_1.4.0/stm32cubeide/plugins/com.st.stm32cube.ide.mcu.externaltools.gnu-tools-for-stm32.7-2018-q2-update.win32_1.4.0.202007081208/tools/bin/../lib/gcc/arm-none-eabi/7.3.1/../../../../arm-none-eabi/lib/thumb/v7e-m/fpv4-sp/hard\libc_nano.a
LOAD c:/st/stm32cubeide_1.4.0/stm32cubeide/plugins/com.st.stm32cube.ide.mcu.externaltools.gnu-tools-for-stm32.7-2018-q2-update.win32_1.4.0.202007081208/tools/bin/../lib/gcc/arm-none-eabi/7.3.1/../../../../arm-none-eabi/lib/thumb/v7e-m/fpv4-sp/hard\libnosys.a
END GROUP
START GROUP
LOAD c:/st/stm32cubeide_1.4.0/stm32cubeide/plugins/com.st.stm32cube.ide.mcu.externaltools.gnu-tools-for-stm32.7-2018-q2-update.win32_1.4.0.202007081208/tools/bin/../lib/gcc/arm-none-eabi/7.3.1/thumb/v7e-m/fpv4-sp/hard\libgcc.a
LOAD c:/st/stm32cubeide_1.4.0/stm32cubeide/plugins/com.st.stm32cube.ide.mcu.externaltools.gnu-tools-for-stm32.7-2018-q2-update.win32_1.4.0.202007081208/tools/bin/../lib/gcc/arm-none-eabi/7.3.1/../../../../arm-none-eabi/lib/thumb/v7e-m/fpv4-sp/hard\libc_nano.a
LOAD c:/st/stm32cubeide_1.4.0/stm32cubeide/plugins/com.st.stm32cube.ide.mcu.externaltools.gnu-tools-for-stm32.7-2018-q2-update.win32_1.4.0.202007081208/tools/bin/../lib/gcc/arm-none-eabi/7.3.1/../../../../arm-none-eabi/lib/thumb/v7e-m/fpv4-sp/hard\libnosys.a
END GROUP
LOAD c:/st/stm32cubeide_1.4.0/stm32cubeide/plugins/com.st.stm32cube.ide.mcu.externaltools.gnu-tools-for-stm32.7-2018-q2-update.win32_1.4.0.202007081208/tools/bin/../lib/gcc/arm-none-eabi/7.3.1/thumb/v7e-m/fpv4-sp/hard/crtend.o
LOAD c:/st/stm32cubeide_1.4.0/stm32cubeide/plugins/com.st.stm32cube.ide.mcu.externaltools.gnu-tools-for-stm32.7-2018-q2-update.win32_1.4.0.202007081208/tools/bin/../lib/gcc/arm-none-eabi/7.3.1/thumb/v7e-m/fpv4-sp/hard/crtn.o
                0x0000000020030000                _estack = 0x20030000
                0x0000000000000200                _Min_Heap_Size = 0x200
                0x0000000000000400                _Min_Stack_Size = 0x400

.isr_vector     0x0000000008000000      0x13c
                0x0000000008000000                . = ALIGN (0x4)
 *(.isr_vector)
 .isr_vector    0x0000000008000000      0x13c Core/Startup/startup_stm32wb55rgvx.o
                0x0000000008000000                g_pfnVectors
                0x000000000800013c                . = ALIGN (0x4)

.text           0x000000000800013c     0x6c40
                0x000000000800013c                . = ALIGN (0x4)
 *(.text)
 .text          0x000000000800013c       0x40 c:/st/stm32cubeide_1.4.0/stm32cubeide/plugins/com.st.stm32cube.ide.mcu.externaltools.gnu-tools-for-stm32.7-2018-q2-update.win32_1.4.0.202007081208/tools/bin/../lib/gcc/arm-none-eabi/7.3.1/thumb/v7e-m/fpv4-sp/hard/crtbegin.o
 .text          0x000000000800017c       0x10 c:/st/stm32cubeide_1.4.0/stm32cubeide/plugins/com.st.stm32cube.ide.mcu.externaltools.gnu-tools-for-stm32.7-2018-q2-update.win32_1.4.0.202007081208/tools/bin/../lib/gcc/arm-none-eabi/7.3.1/../../../../arm-none-eabi/lib/thumb/v7e-m/fpv4-sp/hard\libc_nano.a(lib_a-strlen.o)
                0x000000000800017c                strlen
 *(.text*)
 .text.APPD_EnableCPU2
                0x000000000800018c       0x38 Core/Src/app_debug.o
                0x000000000800018c                APPD_EnableCPU2
 .text.LL_C2_PWR_SetPowerMode
                0x00000000080001c4       0x2c Core/Src/app_entry.o
 .text.LL_RCC_SetClkAfterWakeFromStop
                0x00000000080001f0       0x28 Core/Src/app_entry.o
 .text.APPE_Init
                0x0000000008000218       0x1c Core/Src/app_entry.o
                0x0000000008000218                APPE_Init
 .text.SystemPower_Config
                0x0000000008000234       0x1a Core/Src/app_entry.o
 *fill*         0x000000000800024e        0x2 
 .text.appe_Tl_Init
                0x0000000008000250       0x6c Core/Src/app_entry.o
 .text.APPE_SysStatusNot
                0x00000000080002bc       0x16 Core/Src/app_entry.o
 .text.APPE_SysUserEvtRx
                0x00000000080002d2       0x20 Core/Src/app_entry.o
 .text.UTIL_SEQ_Idle
                0x00000000080002f2        0xe Core/Src/app_entry.o
                0x00000000080002f2                UTIL_SEQ_Idle
 .text.UTIL_SEQ_EvtIdle
                0x0000000008000300       0x1a Core/Src/app_entry.o
                0x0000000008000300                UTIL_SEQ_EvtIdle
 .text.shci_notify_asynch_evt
                0x000000000800031a       0x18 Core/Src/app_entry.o
                0x000000000800031a                shci_notify_asynch_evt
 .text.shci_cmd_resp_release
                0x0000000008000332       0x16 Core/Src/app_entry.o
                0x0000000008000332                shci_cmd_resp_release
 .text.shci_cmd_resp_wait
                0x0000000008000348       0x16 Core/Src/app_entry.o
                0x0000000008000348                shci_cmd_resp_wait
 *fill*         0x000000000800035e        0x2 
 .text.LL_EXTI_EnableIT_0_31
                0x0000000008000360       0x28 Core/Src/hw_timerserver.o
 .text.LL_EXTI_EnableRisingTrig_0_31
                0x0000000008000388       0x24 Core/Src/hw_timerserver.o
 .text.ReadRtcSsrValue
                0x00000000080003ac       0x40 Core/Src/hw_timerserver.o
 .text.LinkTimerAfter
                0x00000000080003ec       0x8c Core/Src/hw_timerserver.o
 .text.LinkTimerBefore
                0x0000000008000478       0xc0 Core/Src/hw_timerserver.o
 .text.linkTimer
                0x0000000008000538      0x154 Core/Src/hw_timerserver.o
 .text.UnlinkTimer
                0x000000000800068c      0x108 Core/Src/hw_timerserver.o
 .text.ReturnTimeElapsed
                0x0000000008000794       0x80 Core/Src/hw_timerserver.o
 .text.RestartWakeupCounter
                0x0000000008000814       0xbc Core/Src/hw_timerserver.o
 .text.RescheduleTimerList
                0x00000000080008d0      0x13c Core/Src/hw_timerserver.o
 .text.HW_TS_RTC_Wakeup_Handler
                0x0000000008000a0c      0x1a0 Core/Src/hw_timerserver.o
                0x0000000008000a0c                HW_TS_RTC_Wakeup_Handler
 .text.HW_TS_Init
                0x0000000008000bac      0x1c0 Core/Src/hw_timerserver.o
                0x0000000008000bac                HW_TS_Init
 .text.HW_TS_Stop
                0x0000000008000d6c      0x114 Core/Src/hw_timerserver.o
                0x0000000008000d6c                HW_TS_Stop
 .text.HW_TS_Start
                0x0000000008000e80      0x10c Core/Src/hw_timerserver.o
                0x0000000008000e80                HW_TS_Start
 .text.HW_TS_RTC_Int_AppNot
                0x0000000008000f8c       0x1a Core/Src/hw_timerserver.o
                0x0000000008000f8c                HW_TS_RTC_Int_AppNot
 *fill*         0x0000000008000fa6        0x2 
 .text.LL_EXTI_DisableIT_0_31
                0x0000000008000fa8       0x2c Core/Src/main.o
 .text.LL_EXTI_DisableIT_32_63
                0x0000000008000fd4       0x2c Core/Src/main.o
 .text.LL_RCC_HSE_SetCapacitorTuning
                0x0000000008001000       0x3c Core/Src/main.o
 .text.LL_RCC_LSE_SetDriveCapability
                0x000000000800103c       0x2c Core/Src/main.o
 .text.LL_RCC_ForceBackupDomainReset
                0x0000000008001068       0x22 Core/Src/main.o
 .text.LL_RCC_ReleaseBackupDomainReset
                0x000000000800108a       0x22 Core/Src/main.o
 .text.LL_RCC_IsActiveFlag_PINRST
                0x00000000080010ac       0x26 Core/Src/main.o
 .text.LL_RCC_IsActiveFlag_SFTRST
                0x00000000080010d2       0x26 Core/Src/main.o
 .text.LL_AHB2_GRP1_EnableClock
                0x00000000080010f8       0x32 Core/Src/main.o
 .text.LL_AHB3_GRP1_EnableClock
                0x000000000800112a       0x32 Core/Src/main.o
 .text.LL_C1_IPCC_DisableTransmitChannel
                0x000000000800115c       0x24 Core/Src/main.o
 .text.LL_C1_IPCC_DisableReceiveChannel
                0x0000000008001180       0x22 Core/Src/main.o
 .text.LL_C2_IPCC_DisableTransmitChannel
                0x00000000080011a2       0x24 Core/Src/main.o
 .text.LL_C2_IPCC_DisableReceiveChannel
                0x00000000080011c6       0x22 Core/Src/main.o
 .text.LL_C1_IPCC_ClearFlag_CHx
                0x00000000080011e8       0x1c Core/Src/main.o
 .text.LL_C2_IPCC_ClearFlag_CHx
                0x0000000008001204       0x1c Core/Src/main.o
 .text.main     0x0000000008001220       0x3e Core/Src/main.o
                0x0000000008001220                main
 *fill*         0x000000000800125e        0x2 
 .text.SystemClock_Config
                0x0000000008001260      0x104 Core/Src/main.o
                0x0000000008001260                SystemClock_Config
 .text.MX_CRC_Init
                0x0000000008001364       0x44 Core/Src/main.o
 .text.MX_RF_Init
                0x00000000080013a8        0xe Core/Src/main.o
 *fill*         0x00000000080013b6        0x2 
 .text.MX_RNG_Init
                0x00000000080013b8       0x28 Core/Src/main.o
 .text.MX_RTC_Init
                0x00000000080013e0       0x54 Core/Src/main.o
 .text.MX_GPIO_Init
                0x0000000008001434        0xe Core/Src/main.o
 .text.PeriphClock_Config
                0x0000000008001442        0xe Core/Src/main.o
                0x0000000008001442                PeriphClock_Config
 .text.Config_HSE
                0x0000000008001450       0x2c Core/Src/main.o
 .text.Reset_Device
                0x000000000800147c       0x10 Core/Src/main.o
 .text.Reset_IPCC
                0x000000000800148c       0x44 Core/Src/main.o
 .text.Reset_BackupDomain
                0x00000000080014d0       0x2e Core/Src/main.o
 .text.Init_Exti
                0x00000000080014fe       0x18 Core/Src/main.o
 .text.Error_Handler
                0x0000000008001516        0xe Core/Src/main.o
                0x0000000008001516                Error_Handler
 .text.LL_RCC_SetRTCClockSource
                0x0000000008001524       0x2c Core/Src/stm32wbxx_hal_msp.o
 .text.LL_RCC_EnableRTC
                0x0000000008001550       0x22 Core/Src/stm32wbxx_hal_msp.o
 .text.LL_AHB1_GRP1_EnableClock
                0x0000000008001572       0x32 Core/Src/stm32wbxx_hal_msp.o
 .text.LL_AHB3_GRP1_EnableClock
                0x00000000080015a4       0x32 Core/Src/stm32wbxx_hal_msp.o
 .text.LL_APB1_GRP1_EnableClock
                0x00000000080015d6       0x32 Core/Src/stm32wbxx_hal_msp.o
 .text.HAL_MspInit
                0x0000000008001608       0x34 Core/Src/stm32wbxx_hal_msp.o
                0x0000000008001608                HAL_MspInit
 .text.HAL_CRC_MspInit
                0x000000000800163c       0x28 Core/Src/stm32wbxx_hal_msp.o
                0x000000000800163c                HAL_CRC_MspInit
 .text.HAL_RNG_MspInit
                0x0000000008001664       0x28 Core/Src/stm32wbxx_hal_msp.o
                0x0000000008001664                HAL_RNG_MspInit
 .text.HAL_RTC_MspInit
                0x000000000800168c       0x40 Core/Src/stm32wbxx_hal_msp.o
                0x000000000800168c                HAL_RTC_MspInit
 .text.NMI_Handler
                0x00000000080016cc        0xe Core/Src/stm32wbxx_it.o
                0x00000000080016cc                NMI_Handler
 .text.HardFault_Handler
                0x00000000080016da        0x6 Core/Src/stm32wbxx_it.o
                0x00000000080016da                HardFault_Handler
 .text.MemManage_Handler
                0x00000000080016e0        0x6 Core/Src/stm32wbxx_it.o
                0x00000000080016e0                MemManage_Handler
 .text.BusFault_Handler
                0x00000000080016e6        0x6 Core/Src/stm32wbxx_it.o
                0x00000000080016e6                BusFault_Handler
 .text.UsageFault_Handler
                0x00000000080016ec        0x6 Core/Src/stm32wbxx_it.o
                0x00000000080016ec                UsageFault_Handler
 .text.SVC_Handler
                0x00000000080016f2        0xe Core/Src/stm32wbxx_it.o
                0x00000000080016f2                SVC_Handler
 .text.DebugMon_Handler
                0x0000000008001700        0xe Core/Src/stm32wbxx_it.o
                0x0000000008001700                DebugMon_Handler
 .text.PendSV_Handler
                0x000000000800170e        0xe Core/Src/stm32wbxx_it.o
                0x000000000800170e                PendSV_Handler
 .text.SysTick_Handler
                0x000000000800171c        0xc Core/Src/stm32wbxx_it.o
                0x000000000800171c                SysTick_Handler
 .text.HSEM_IRQHandler
                0x0000000008001728        0xc Core/Src/stm32wbxx_it.o
                0x0000000008001728                HSEM_IRQHandler
 .text.RTC_WKUP_IRQHandler
                0x0000000008001734        0xc Core/Src/stm32wbxx_it.o
                0x0000000008001734                RTC_WKUP_IRQHandler
 .text.IPCC_C1_TX_IRQHandler
                0x0000000008001740        0xc Core/Src/stm32wbxx_it.o
                0x0000000008001740                IPCC_C1_TX_IRQHandler
 .text.IPCC_C1_RX_IRQHandler
                0x000000000800174c        0xc Core/Src/stm32wbxx_it.o
                0x000000000800174c                IPCC_C1_RX_IRQHandler
 .text.SystemInit
                0x0000000008001758       0xac Core/Src/system_stm32wbxx.o
                0x0000000008001758                SystemInit
 .text.SystemCoreClockUpdate
                0x0000000008001804      0x144 Core/Src/system_stm32wbxx.o
                0x0000000008001804                SystemCoreClockUpdate
 .text.data_initializers
                0x0000000008001948       0x18 Core/Startup/startup_stm32wb55rgvx.o
 .text.Reset_Handler
                0x0000000008001960       0x54 Core/Startup/startup_stm32wb55rgvx.o
                0x0000000008001960                Reset_Handler
 .text.Default_Handler
                0x00000000080019b4        0x2 Core/Startup/startup_stm32wb55rgvx.o
                0x00000000080019b4                RTC_Alarm_IRQHandler
                0x00000000080019b4                EXTI2_IRQHandler
                0x00000000080019b4                TIM1_CC_IRQHandler
                0x00000000080019b4                TSC_IRQHandler
                0x00000000080019b4                USB_HP_IRQHandler
                0x00000000080019b4                EXTI3_IRQHandler
                0x00000000080019b4                LPTIM2_IRQHandler
                0x00000000080019b4                I2C3_ER_IRQHandler
                0x00000000080019b4                EXTI0_IRQHandler
                0x00000000080019b4                FPU_IRQHandler
                0x00000000080019b4                TIM1_UP_TIM16_IRQHandler
                0x00000000080019b4                AES1_IRQHandler
                0x00000000080019b4                SPI1_IRQHandler
                0x00000000080019b4                PWR_SOTF_BLEACT_802ACT_RFPHASE_IRQHandler
                0x00000000080019b4                DMA2_Channel2_IRQHandler
                0x00000000080019b4                DMA1_Channel4_IRQHandler
                0x00000000080019b4                ADC1_IRQHandler
                0x00000000080019b4                PKA_IRQHandler
                0x00000000080019b4                DMA1_Channel7_IRQHandler
                0x00000000080019b4                LCD_IRQHandler
                0x00000000080019b4                DMA2_Channel1_IRQHandler
                0x00000000080019b4                QUADSPI_IRQHandler
                0x00000000080019b4                I2C1_EV_IRQHandler
                0x00000000080019b4                DMAMUX1_OVR_IRQHandler
                0x00000000080019b4                DMA1_Channel6_IRQHandler
                0x00000000080019b4                DMA2_Channel4_IRQHandler
                0x00000000080019b4                RCC_IRQHandler
                0x00000000080019b4                DMA1_Channel1_IRQHandler
                0x00000000080019b4                Default_Handler
                0x00000000080019b4                DMA2_Channel7_IRQHandler
                0x00000000080019b4                EXTI15_10_IRQHandler
                0x00000000080019b4                C2SEV_PWR_C2H_IRQHandler
                0x00000000080019b4                AES2_IRQHandler
                0x00000000080019b4                I2C3_EV_IRQHandler
                0x00000000080019b4                EXTI9_5_IRQHandler
                0x00000000080019b4                PVD_PVM_IRQHandler
                0x00000000080019b4                SPI2_IRQHandler
                0x00000000080019b4                DMA2_Channel5_IRQHandler
                0x00000000080019b4                CRS_IRQHandler
                0x00000000080019b4                DMA1_Channel5_IRQHandler
                0x00000000080019b4                USB_LP_IRQHandler
                0x00000000080019b4                EXTI4_IRQHandler
                0x00000000080019b4                RNG_IRQHandler
                0x00000000080019b4                TIM1_TRG_COM_TIM17_IRQHandler
                0x00000000080019b4                TAMP_STAMP_LSECSS_IRQHandler
                0x00000000080019b4                DMA1_Channel3_IRQHandler
                0x00000000080019b4                COMP_IRQHandler
                0x00000000080019b4                WWDG_IRQHandler
                0x00000000080019b4                LPUART1_IRQHandler
                0x00000000080019b4                DMA2_Channel6_IRQHandler
                0x00000000080019b4                TIM2_IRQHandler
                0x00000000080019b4                TIM1_BRK_IRQHandler
                0x00000000080019b4                EXTI1_IRQHandler
                0x00000000080019b4                DMA1_Channel2_IRQHandler
                0x00000000080019b4                FLASH_IRQHandler
                0x00000000080019b4                USART1_IRQHandler
                0x00000000080019b4                I2C1_ER_IRQHandler
                0x00000000080019b4                LPTIM1_IRQHandler
                0x00000000080019b4                SAI1_IRQHandler
                0x00000000080019b4                DMA2_Channel3_IRQHandler
 *fill*         0x00000000080019b6        0x2 
 .text.HAL_Init
                0x00000000080019b8       0x40 Drivers/STM32WBxx_HAL_Driver/Src/stm32wbxx_hal.o
                0x00000000080019b8                HAL_Init
 .text.HAL_InitTick
                0x00000000080019f8       0x74 Drivers/STM32WBxx_HAL_Driver/Src/stm32wbxx_hal.o
                0x00000000080019f8                HAL_InitTick
 .text.HAL_IncTick
                0x0000000008001a6c       0x28 Drivers/STM32WBxx_HAL_Driver/Src/stm32wbxx_hal.o
                0x0000000008001a6c                HAL_IncTick
 .text.HAL_GetTick
                0x0000000008001a94       0x18 Drivers/STM32WBxx_HAL_Driver/Src/stm32wbxx_hal.o
                0x0000000008001a94                HAL_GetTick
 .text.HAL_GetTickPrio
                0x0000000008001aac       0x18 Drivers/STM32WBxx_HAL_Driver/Src/stm32wbxx_hal.o
                0x0000000008001aac                HAL_GetTickPrio
 .text.__NVIC_SetPriorityGrouping
                0x0000000008001ac4       0x48 Drivers/STM32WBxx_HAL_Driver/Src/stm32wbxx_hal_cortex.o
 .text.__NVIC_GetPriorityGrouping
                0x0000000008001b0c       0x1c Drivers/STM32WBxx_HAL_Driver/Src/stm32wbxx_hal_cortex.o
 .text.__NVIC_EnableIRQ
                0x0000000008001b28       0x3c Drivers/STM32WBxx_HAL_Driver/Src/stm32wbxx_hal_cortex.o
 .text.__NVIC_DisableIRQ
                0x0000000008001b64       0x44 Drivers/STM32WBxx_HAL_Driver/Src/stm32wbxx_hal_cortex.o
 .text.__NVIC_SetPendingIRQ
                0x0000000008001ba8       0x3c Drivers/STM32WBxx_HAL_Driver/Src/stm32wbxx_hal_cortex.o
 .text.__NVIC_ClearPendingIRQ
                0x0000000008001be4       0x3c Drivers/STM32WBxx_HAL_Driver/Src/stm32wbxx_hal_cortex.o
 .text.__NVIC_SetPriority
                0x0000000008001c20       0x54 Drivers/STM32WBxx_HAL_Driver/Src/stm32wbxx_hal_cortex.o
 .text.NVIC_EncodePriority
                0x0000000008001c74       0x66 Drivers/STM32WBxx_HAL_Driver/Src/stm32wbxx_hal_cortex.o
 *fill*         0x0000000008001cda        0x2 
 .text.SysTick_Config
                0x0000000008001cdc       0x44 Drivers/STM32WBxx_HAL_Driver/Src/stm32wbxx_hal_cortex.o
 .text.HAL_NVIC_SetPriorityGrouping
                0x0000000008001d20       0x16 Drivers/STM32WBxx_HAL_Driver/Src/stm32wbxx_hal_cortex.o
                0x0000000008001d20                HAL_NVIC_SetPriorityGrouping
 .text.HAL_NVIC_SetPriority
                0x0000000008001d36       0x34 Drivers/STM32WBxx_HAL_Driver/Src/stm32wbxx_hal_cortex.o
                0x0000000008001d36                HAL_NVIC_SetPriority
 .text.HAL_NVIC_EnableIRQ
                0x0000000008001d6a       0x1c Drivers/STM32WBxx_HAL_Driver/Src/stm32wbxx_hal_cortex.o
                0x0000000008001d6a                HAL_NVIC_EnableIRQ
 .text.HAL_NVIC_DisableIRQ
                0x0000000008001d86       0x1c Drivers/STM32WBxx_HAL_Driver/Src/stm32wbxx_hal_cortex.o
                0x0000000008001d86                HAL_NVIC_DisableIRQ
 .text.HAL_SYSTICK_Config
                0x0000000008001da2       0x18 Drivers/STM32WBxx_HAL_Driver/Src/stm32wbxx_hal_cortex.o
                0x0000000008001da2                HAL_SYSTICK_Config
 .text.HAL_NVIC_SetPendingIRQ
                0x0000000008001dba       0x1c Drivers/STM32WBxx_HAL_Driver/Src/stm32wbxx_hal_cortex.o
                0x0000000008001dba                HAL_NVIC_SetPendingIRQ
 .text.HAL_NVIC_ClearPendingIRQ
                0x0000000008001dd6       0x1c Drivers/STM32WBxx_HAL_Driver/Src/stm32wbxx_hal_cortex.o
                0x0000000008001dd6                HAL_NVIC_ClearPendingIRQ
 *fill*         0x0000000008001df2        0x2 
 .text.HAL_CRC_Init
                0x0000000008001df4       0xc8 Drivers/STM32WBxx_HAL_Driver/Src/stm32wbxx_hal_crc.o
                0x0000000008001df4                HAL_CRC_Init
 .text.HAL_CRCEx_Polynomial_Set
                0x0000000008001ebc      0x10c Drivers/STM32WBxx_HAL_Driver/Src/stm32wbxx_hal_crc_ex.o
                0x0000000008001ebc                HAL_CRCEx_Polynomial_Set
 .text.HAL_HSEM_IRQHandler
                0x0000000008001fc8       0x34 Drivers/STM32WBxx_HAL_Driver/Src/stm32wbxx_hal_hsem.o
                0x0000000008001fc8                HAL_HSEM_IRQHandler
 .text.HAL_HSEM_FreeCallback
                0x0000000008001ffc       0x14 Drivers/STM32WBxx_HAL_Driver/Src/stm32wbxx_hal_hsem.o
                0x0000000008001ffc                HAL_HSEM_FreeCallback
 .text.HAL_PWR_EnableBkUpAccess
                0x0000000008002010       0x20 Drivers/STM32WBxx_HAL_Driver/Src/stm32wbxx_hal_pwr.o
                0x0000000008002010                HAL_PWR_EnableBkUpAccess
 .text.HAL_PWREx_GetVoltageRange
                0x0000000008002030       0x1c Drivers/STM32WBxx_HAL_Driver/Src/stm32wbxx_hal_pwr_ex.o
                0x0000000008002030                HAL_PWREx_GetVoltageRange
 .text.LL_RCC_HSE_IsEnabledDiv2
                0x000000000800204c       0x24 Drivers/STM32WBxx_HAL_Driver/Src/stm32wbxx_hal_rcc.o
 .text.LL_RCC_HSE_EnableBypass
                0x0000000008002070       0x1e Drivers/STM32WBxx_HAL_Driver/Src/stm32wbxx_hal_rcc.o
 .text.LL_RCC_HSE_DisableBypass
                0x000000000800208e       0x1e Drivers/STM32WBxx_HAL_Driver/Src/stm32wbxx_hal_rcc.o
 .text.LL_RCC_HSE_Enable
                0x00000000080020ac       0x1e Drivers/STM32WBxx_HAL_Driver/Src/stm32wbxx_hal_rcc.o
 .text.LL_RCC_HSE_Disable
                0x00000000080020ca       0x1e Drivers/STM32WBxx_HAL_Driver/Src/stm32wbxx_hal_rcc.o
 .text.LL_RCC_HSE_IsReady
                0x00000000080020e8       0x24 Drivers/STM32WBxx_HAL_Driver/Src/stm32wbxx_hal_rcc.o
 .text.LL_RCC_HSI_Enable
                0x000000000800210c       0x1e Drivers/STM32WBxx_HAL_Driver/Src/stm32wbxx_hal_rcc.o
 .text.LL_RCC_HSI_Disable
                0x000000000800212a       0x1e Drivers/STM32WBxx_HAL_Driver/Src/stm32wbxx_hal_rcc.o
 .text.LL_RCC_HSI_IsReady
                0x0000000008002148       0x24 Drivers/STM32WBxx_HAL_Driver/Src/stm32wbxx_hal_rcc.o
 .text.LL_RCC_HSI_SetCalibTrimming
                0x000000000800216c       0x2a Drivers/STM32WBxx_HAL_Driver/Src/stm32wbxx_hal_rcc.o
 .text.LL_RCC_HSI48_Enable
                0x0000000008002196       0x22 Drivers/STM32WBxx_HAL_Driver/Src/stm32wbxx_hal_rcc.o
 .text.LL_RCC_HSI48_Disable
                0x00000000080021b8       0x22 Drivers/STM32WBxx_HAL_Driver/Src/stm32wbxx_hal_rcc.o
 .text.LL_RCC_HSI48_IsReady
                0x00000000080021da       0x24 Drivers/STM32WBxx_HAL_Driver/Src/stm32wbxx_hal_rcc.o
 .text.LL_RCC_LSE_Enable
                0x00000000080021fe       0x22 Drivers/STM32WBxx_HAL_Driver/Src/stm32wbxx_hal_rcc.o
 .text.LL_RCC_LSE_Disable
                0x0000000008002220       0x22 Drivers/STM32WBxx_HAL_Driver/Src/stm32wbxx_hal_rcc.o
 .text.LL_RCC_LSE_EnableBypass
                0x0000000008002242       0x22 Drivers/STM32WBxx_HAL_Driver/Src/stm32wbxx_hal_rcc.o
 .text.LL_RCC_LSE_DisableBypass
                0x0000000008002264       0x22 Drivers/STM32WBxx_HAL_Driver/Src/stm32wbxx_hal_rcc.o
 .text.LL_RCC_LSE_IsReady
                0x0000000008002286       0x24 Drivers/STM32WBxx_HAL_Driver/Src/stm32wbxx_hal_rcc.o
 .text.LL_RCC_LSI1_Enable
                0x00000000080022aa       0x22 Drivers/STM32WBxx_HAL_Driver/Src/stm32wbxx_hal_rcc.o
 .text.LL_RCC_LSI1_Disable
                0x00000000080022cc       0x22 Drivers/STM32WBxx_HAL_Driver/Src/stm32wbxx_hal_rcc.o
 .text.LL_RCC_LSI1_IsReady
                0x00000000080022ee       0x24 Drivers/STM32WBxx_HAL_Driver/Src/stm32wbxx_hal_rcc.o
 .text.LL_RCC_LSI2_Enable
                0x0000000008002312       0x22 Drivers/STM32WBxx_HAL_Driver/Src/stm32wbxx_hal_rcc.o
 .text.LL_RCC_LSI2_Disable
                0x0000000008002334       0x22 Drivers/STM32WBxx_HAL_Driver/Src/stm32wbxx_hal_rcc.o
 .text.LL_RCC_LSI2_IsReady
                0x0000000008002356       0x24 Drivers/STM32WBxx_HAL_Driver/Src/stm32wbxx_hal_rcc.o
 .text.LL_RCC_LSI2_SetTrimming
                0x000000000800237a       0x2e Drivers/STM32WBxx_HAL_Driver/Src/stm32wbxx_hal_rcc.o
 .text.LL_RCC_MSI_Enable
                0x00000000080023a8       0x1e Drivers/STM32WBxx_HAL_Driver/Src/stm32wbxx_hal_rcc.o
 .text.LL_RCC_MSI_Disable
                0x00000000080023c6       0x1e Drivers/STM32WBxx_HAL_Driver/Src/stm32wbxx_hal_rcc.o
 .text.LL_RCC_MSI_IsReady
                0x00000000080023e4       0x22 Drivers/STM32WBxx_HAL_Driver/Src/stm32wbxx_hal_rcc.o
 .text.LL_RCC_MSI_SetRange
                0x0000000008002406       0x28 Drivers/STM32WBxx_HAL_Driver/Src/stm32wbxx_hal_rcc.o
 .text.LL_RCC_MSI_GetRange
                0x000000000800242e       0x2a Drivers/STM32WBxx_HAL_Driver/Src/stm32wbxx_hal_rcc.o
 .text.LL_RCC_MSI_SetCalibTrimming
                0x0000000008002458       0x2a Drivers/STM32WBxx_HAL_Driver/Src/stm32wbxx_hal_rcc.o
 .text.LL_RCC_SetSysClkSource
                0x0000000008002482       0x28 Drivers/STM32WBxx_HAL_Driver/Src/stm32wbxx_hal_rcc.o
 .text.LL_RCC_GetSysClkSource
                0x00000000080024aa       0x18 Drivers/STM32WBxx_HAL_Driver/Src/stm32wbxx_hal_rcc.o
 .text.LL_RCC_SetAHBPrescaler
                0x00000000080024c2       0x28 Drivers/STM32WBxx_HAL_Driver/Src/stm32wbxx_hal_rcc.o
 .text.LL_C2_RCC_SetAHBPrescaler
                0x00000000080024ea       0x2c Drivers/STM32WBxx_HAL_Driver/Src/stm32wbxx_hal_rcc.o
 .text.LL_RCC_SetAHB4Prescaler
                0x0000000008002516       0x2e Drivers/STM32WBxx_HAL_Driver/Src/stm32wbxx_hal_rcc.o
 .text.LL_RCC_SetAPB1Prescaler
                0x0000000008002544       0x28 Drivers/STM32WBxx_HAL_Driver/Src/stm32wbxx_hal_rcc.o
 .text.LL_RCC_SetAPB2Prescaler
                0x000000000800256c       0x28 Drivers/STM32WBxx_HAL_Driver/Src/stm32wbxx_hal_rcc.o
 .text.LL_RCC_GetAHBPrescaler
                0x0000000008002594       0x18 Drivers/STM32WBxx_HAL_Driver/Src/stm32wbxx_hal_rcc.o
 .text.LL_RCC_GetAHB4Prescaler
                0x00000000080025ac       0x1c Drivers/STM32WBxx_HAL_Driver/Src/stm32wbxx_hal_rcc.o
 .text.LL_RCC_PLL_Enable
                0x00000000080025c8       0x1e Drivers/STM32WBxx_HAL_Driver/Src/stm32wbxx_hal_rcc.o
 .text.LL_RCC_PLL_Disable
                0x00000000080025e6       0x1e Drivers/STM32WBxx_HAL_Driver/Src/stm32wbxx_hal_rcc.o
 .text.LL_RCC_PLL_IsReady
                0x0000000008002604       0x24 Drivers/STM32WBxx_HAL_Driver/Src/stm32wbxx_hal_rcc.o
 .text.LL_RCC_PLL_GetN
                0x0000000008002628       0x1a Drivers/STM32WBxx_HAL_Driver/Src/stm32wbxx_hal_rcc.o
 .text.LL_RCC_PLL_GetR
                0x0000000008002642       0x18 Drivers/STM32WBxx_HAL_Driver/Src/stm32wbxx_hal_rcc.o
 .text.LL_RCC_PLL_GetDivider
                0x000000000800265a       0x18 Drivers/STM32WBxx_HAL_Driver/Src/stm32wbxx_hal_rcc.o
 .text.LL_RCC_PLL_GetMainSource
                0x0000000008002672       0x18 Drivers/STM32WBxx_HAL_Driver/Src/stm32wbxx_hal_rcc.o
 .text.LL_RCC_IsActiveFlag_HPRE
                0x000000000800268a       0x24 Drivers/STM32WBxx_HAL_Driver/Src/stm32wbxx_hal_rcc.o
 .text.LL_RCC_IsActiveFlag_C2HPRE
                0x00000000080026ae       0x26 Drivers/STM32WBxx_HAL_Driver/Src/stm32wbxx_hal_rcc.o
 .text.LL_RCC_IsActiveFlag_SHDHPRE
                0x00000000080026d4       0x26 Drivers/STM32WBxx_HAL_Driver/Src/stm32wbxx_hal_rcc.o
 .text.LL_RCC_IsActiveFlag_PPRE1
                0x00000000080026fa       0x24 Drivers/STM32WBxx_HAL_Driver/Src/stm32wbxx_hal_rcc.o
 .text.LL_RCC_IsActiveFlag_PPRE2
                0x000000000800271e       0x24 Drivers/STM32WBxx_HAL_Driver/Src/stm32wbxx_hal_rcc.o
 *fill*         0x0000000008002742        0x2 
 .text.HAL_RCC_OscConfig
                0x0000000008002744      0x728 Drivers/STM32WBxx_HAL_Driver/Src/stm32wbxx_hal_rcc.o
                0x0000000008002744                HAL_RCC_OscConfig
 .text.HAL_RCC_ClockConfig
                0x0000000008002e6c      0x278 Drivers/STM32WBxx_HAL_Driver/Src/stm32wbxx_hal_rcc.o
                0x0000000008002e6c                HAL_RCC_ClockConfig
 .text.HAL_RCC_GetSysClockFreq
                0x00000000080030e4       0xd4 Drivers/STM32WBxx_HAL_Driver/Src/stm32wbxx_hal_rcc.o
                0x00000000080030e4                HAL_RCC_GetSysClockFreq
 .text.HAL_RCC_GetHCLKFreq
                0x00000000080031b8       0x28 Drivers/STM32WBxx_HAL_Driver/Src/stm32wbxx_hal_rcc.o
                0x00000000080031b8                HAL_RCC_GetHCLKFreq
 .text.RCC_SetFlashLatencyFromMSIRange
                0x00000000080031e0       0x70 Drivers/STM32WBxx_HAL_Driver/Src/stm32wbxx_hal_rcc.o
 .text.RCC_SetFlashLatency
                0x0000000008003250      0x100 Drivers/STM32WBxx_HAL_Driver/Src/stm32wbxx_hal_rcc.o
 .text.LL_RCC_LSE_IsEnabled
                0x0000000008003350       0x24 Drivers/STM32WBxx_HAL_Driver/Src/stm32wbxx_hal_rcc_ex.o
 .text.LL_RCC_LSE_IsReady
                0x0000000008003374       0x24 Drivers/STM32WBxx_HAL_Driver/Src/stm32wbxx_hal_rcc_ex.o
 .text.LL_RCC_SetRFWKPClockSource
                0x0000000008003398       0x2c Drivers/STM32WBxx_HAL_Driver/Src/stm32wbxx_hal_rcc_ex.o
 .text.LL_RCC_SetSMPSClockSource
                0x00000000080033c4       0x28 Drivers/STM32WBxx_HAL_Driver/Src/stm32wbxx_hal_rcc_ex.o
 .text.LL_RCC_SetSMPSPrescaler
                0x00000000080033ec       0x28 Drivers/STM32WBxx_HAL_Driver/Src/stm32wbxx_hal_rcc_ex.o
 .text.LL_RCC_SetUSARTClockSource
                0x0000000008003414       0x2c Drivers/STM32WBxx_HAL_Driver/Src/stm32wbxx_hal_rcc_ex.o
 .text.LL_RCC_SetLPUARTClockSource
                0x0000000008003440       0x2c Drivers/STM32WBxx_HAL_Driver/Src/stm32wbxx_hal_rcc_ex.o
 .text.LL_RCC_SetI2CClockSource
                0x000000000800346c       0x3a Drivers/STM32WBxx_HAL_Driver/Src/stm32wbxx_hal_rcc_ex.o
 .text.LL_RCC_SetLPTIMClockSource
                0x00000000080034a6       0x34 Drivers/STM32WBxx_HAL_Driver/Src/stm32wbxx_hal_rcc_ex.o
 .text.LL_RCC_SetSAIClockSource
                0x00000000080034da       0x2c Drivers/STM32WBxx_HAL_Driver/Src/stm32wbxx_hal_rcc_ex.o
 .text.LL_RCC_SetRNGClockSource
                0x0000000008003506       0x2c Drivers/STM32WBxx_HAL_Driver/Src/stm32wbxx_hal_rcc_ex.o
 .text.LL_RCC_SetCLK48ClockSource
                0x0000000008003532       0x2c Drivers/STM32WBxx_HAL_Driver/Src/stm32wbxx_hal_rcc_ex.o
 .text.LL_RCC_SetUSBClockSource
                0x000000000800355e       0x16 Drivers/STM32WBxx_HAL_Driver/Src/stm32wbxx_hal_rcc_ex.o
 .text.LL_RCC_SetADCClockSource
                0x0000000008003574       0x2c Drivers/STM32WBxx_HAL_Driver/Src/stm32wbxx_hal_rcc_ex.o
 .text.LL_RCC_SetRTCClockSource
                0x00000000080035a0       0x2c Drivers/STM32WBxx_HAL_Driver/Src/stm32wbxx_hal_rcc_ex.o
 .text.LL_RCC_GetRTCClockSource
                0x00000000080035cc       0x1a Drivers/STM32WBxx_HAL_Driver/Src/stm32wbxx_hal_rcc_ex.o
 .text.LL_RCC_ForceBackupDomainReset
                0x00000000080035e6       0x22 Drivers/STM32WBxx_HAL_Driver/Src/stm32wbxx_hal_rcc_ex.o
 .text.LL_RCC_ReleaseBackupDomainReset
                0x0000000008003608       0x22 Drivers/STM32WBxx_HAL_Driver/Src/stm32wbxx_hal_rcc_ex.o
 .text.LL_RCC_PLLSAI1_Enable
                0x000000000800362a       0x1e Drivers/STM32WBxx_HAL_Driver/Src/stm32wbxx_hal_rcc_ex.o
 .text.LL_RCC_PLLSAI1_Disable
                0x0000000008003648       0x1e Drivers/STM32WBxx_HAL_Driver/Src/stm32wbxx_hal_rcc_ex.o
 .text.LL_RCC_PLLSAI1_IsReady
                0x0000000008003666       0x24 Drivers/STM32WBxx_HAL_Driver/Src/stm32wbxx_hal_rcc_ex.o
 .text.HAL_RCCEx_PeriphCLKConfig
                0x000000000800368a      0x2ea Drivers/STM32WBxx_HAL_Driver/Src/stm32wbxx_hal_rcc_ex.o
                0x000000000800368a                HAL_RCCEx_PeriphCLKConfig
 .text.RCCEx_PLLSAI1_ConfigNP
                0x0000000008003974       0xb6 Drivers/STM32WBxx_HAL_Driver/Src/stm32wbxx_hal_rcc_ex.o
 .text.RCCEx_PLLSAI1_ConfigNQ
                0x0000000008003a2a       0xb6 Drivers/STM32WBxx_HAL_Driver/Src/stm32wbxx_hal_rcc_ex.o
 .text.RCCEx_PLLSAI1_ConfigNR
                0x0000000008003ae0       0xb6 Drivers/STM32WBxx_HAL_Driver/Src/stm32wbxx_hal_rcc_ex.o
 .text.HAL_RNG_Init
                0x0000000008003b96       0x6a Drivers/STM32WBxx_HAL_Driver/Src/stm32wbxx_hal_rng.o
                0x0000000008003b96                HAL_RNG_Init
 .text.HAL_RTC_Init
                0x0000000008003c00      0x13c Drivers/STM32WBxx_HAL_Driver/Src/stm32wbxx_hal_rtc.o
                0x0000000008003c00                HAL_RTC_Init
 .text.HAL_RTC_WaitForSynchro
                0x0000000008003d3c       0x4c Drivers/STM32WBxx_HAL_Driver/Src/stm32wbxx_hal_rtc.o
                0x0000000008003d3c                HAL_RTC_WaitForSynchro
 .text.RTC_EnterInitMode
                0x0000000008003d88       0x54 Drivers/STM32WBxx_HAL_Driver/Src/stm32wbxx_hal_rtc.o
                0x0000000008003d88                RTC_EnterInitMode
 .text.HAL_RTCEx_EnableBypassShadow
                0x0000000008003ddc       0x6c Drivers/STM32WBxx_HAL_Driver/Src/stm32wbxx_hal_rtc_ex.o
                0x0000000008003ddc                HAL_RTCEx_EnableBypassShadow
 .text.aci_gap_set_non_discoverable
                0x0000000008003e48       0x48 Middlewares/ST/STM32_WPAN/ble/core/auto/ble_gap_aci.o
                0x0000000008003e48                aci_gap_set_non_discoverable
 .text.aci_gap_set_discoverable
                0x0000000008003e90      0x1bc Middlewares/ST/STM32_WPAN/ble/core/auto/ble_gap_aci.o
                0x0000000008003e90                aci_gap_set_discoverable
 .text.aci_gap_set_io_capability
                0x000000000800404c       0x94 Middlewares/ST/STM32_WPAN/ble/core/auto/ble_gap_aci.o
                0x000000000800404c                aci_gap_set_io_capability
 .text.aci_gap_set_authentication_requirement
                0x00000000080040e0      0x150 Middlewares/ST/STM32_WPAN/ble/core/auto/ble_gap_aci.o
                0x00000000080040e0                aci_gap_set_authentication_requirement
 .text.aci_gap_pass_key_resp
                0x0000000008004230       0xae Middlewares/ST/STM32_WPAN/ble/core/auto/ble_gap_aci.o
                0x0000000008004230                aci_gap_pass_key_resp
 .text.aci_gap_init
                0x00000000080042de      0x116 Middlewares/ST/STM32_WPAN/ble/core/auto/ble_gap_aci.o
                0x00000000080042de                aci_gap_init
 .text.aci_gap_update_adv_data
                0x00000000080043f4       0xb8 Middlewares/ST/STM32_WPAN/ble/core/auto/ble_gap_aci.o
                0x00000000080043f4                aci_gap_update_adv_data
 .text.aci_gap_configure_whitelist
                0x00000000080044ac       0x48 Middlewares/ST/STM32_WPAN/ble/core/auto/ble_gap_aci.o
                0x00000000080044ac                aci_gap_configure_whitelist
 .text.aci_gap_numeric_comparison_value_confirm_yesno
                0x00000000080044f4       0xae Middlewares/ST/STM32_WPAN/ble/core/auto/ble_gap_aci.o
                0x00000000080044f4                aci_gap_numeric_comparison_value_confirm_yesno
 .text.aci_gatt_init
                0x00000000080045a2       0x4a Middlewares/ST/STM32_WPAN/ble/core/auto/ble_gatt_aci.o
                0x00000000080045a2                aci_gatt_init
 .text.aci_gatt_add_service
                0x00000000080045ec      0x15e Middlewares/ST/STM32_WPAN/ble/core/auto/ble_gatt_aci.o
                0x00000000080045ec                aci_gatt_add_service
 .text.aci_gatt_add_char
                0x000000000800474a      0x1d4 Middlewares/ST/STM32_WPAN/ble/core/auto/ble_gatt_aci.o
                0x000000000800474a                aci_gatt_add_char
 .text.aci_gatt_update_char_value
                0x000000000800491e      0x10e Middlewares/ST/STM32_WPAN/ble/core/auto/ble_gatt_aci.o
                0x000000000800491e                aci_gatt_update_char_value
 .text.aci_hal_write_config_data
                0x0000000008004a2c       0xd2 Middlewares/ST/STM32_WPAN/ble/core/auto/ble_hal_aci.o
                0x0000000008004a2c                aci_hal_write_config_data
 .text.aci_hal_set_tx_power_level
                0x0000000008004afe       0xae Middlewares/ST/STM32_WPAN/ble/core/auto/ble_hal_aci.o
                0x0000000008004afe                aci_hal_set_tx_power_level
 .text.aci_hal_set_radio_activity_mask
                0x0000000008004bac       0x94 Middlewares/ST/STM32_WPAN/ble/core/auto/ble_hal_aci.o
                0x0000000008004bac                aci_hal_set_radio_activity_mask
 .text.hci_reset
                0x0000000008004c40       0x48 Middlewares/ST/STM32_WPAN/ble/core/auto/ble_hci_le.o
                0x0000000008004c40                hci_reset
 .text.hci_le_set_default_phy
                0x0000000008004c88       0xce Middlewares/ST/STM32_WPAN/ble/core/auto/ble_hci_le.o
                0x0000000008004c88                hci_le_set_default_phy
 .text.Osal_MemCpy
                0x0000000008004d56       0x20 Middlewares/ST/STM32_WPAN/ble/core/template/osal.o
                0x0000000008004d56                Osal_MemCpy
 .text.Osal_MemSet
                0x0000000008004d76       0x20 Middlewares/ST/STM32_WPAN/ble/core/template/osal.o
                0x0000000008004d76                Osal_MemSet
 .text.BLS_Init
                0x0000000008004d96        0xe Middlewares/ST/STM32_WPAN/ble/svc/Src/svc_ctl.o
                0x0000000008004d96                BLS_Init
 .text.CRS_STM_Init
                0x0000000008004da4        0xe Middlewares/ST/STM32_WPAN/ble/svc/Src/svc_ctl.o
                0x0000000008004da4                CRS_STM_Init
 .text.DIS_Init
                0x0000000008004db2        0xe Middlewares/ST/STM32_WPAN/ble/svc/Src/svc_ctl.o
                0x0000000008004db2                DIS_Init
 .text.EDS_STM_Init
                0x0000000008004dc0        0xe Middlewares/ST/STM32_WPAN/ble/svc/Src/svc_ctl.o
                0x0000000008004dc0                EDS_STM_Init
 .text.HIDS_Init
                0x0000000008004dce        0xe Middlewares/ST/STM32_WPAN/ble/svc/Src/svc_ctl.o
                0x0000000008004dce                HIDS_Init
 .text.HRS_Init
                0x0000000008004ddc        0xe Middlewares/ST/STM32_WPAN/ble/svc/Src/svc_ctl.o
                0x0000000008004ddc                HRS_Init
 .text.HTS_Init
                0x0000000008004dea        0xe Middlewares/ST/STM32_WPAN/ble/svc/Src/svc_ctl.o
                0x0000000008004dea                HTS_Init
 .text.IAS_Init
                0x0000000008004df8        0xe Middlewares/ST/STM32_WPAN/ble/svc/Src/svc_ctl.o
                0x0000000008004df8                IAS_Init
 .text.LLS_Init
                0x0000000008004e06        0xe Middlewares/ST/STM32_WPAN/ble/svc/Src/svc_ctl.o
                0x0000000008004e06                LLS_Init
 .text.TPS_Init
                0x0000000008004e14        0xe Middlewares/ST/STM32_WPAN/ble/svc/Src/svc_ctl.o
                0x0000000008004e14                TPS_Init
 .text.MOTENV_STM_Init
                0x0000000008004e22        0xe Middlewares/ST/STM32_WPAN/ble/svc/Src/svc_ctl.o
                0x0000000008004e22                MOTENV_STM_Init
 .text.P2PS_STM_Init
                0x0000000008004e30        0xe Middlewares/ST/STM32_WPAN/ble/svc/Src/svc_ctl.o
                0x0000000008004e30                P2PS_STM_Init
 .text.OTAS_STM_Init
                0x0000000008004e3e        0xe Middlewares/ST/STM32_WPAN/ble/svc/Src/svc_ctl.o
                0x0000000008004e3e                OTAS_STM_Init
 .text.MESH_Init
                0x0000000008004e4c        0xe Middlewares/ST/STM32_WPAN/ble/svc/Src/svc_ctl.o
                0x0000000008004e4c                MESH_Init
 .text.BVOPUS_STM_Init
                0x0000000008004e5a        0xe Middlewares/ST/STM32_WPAN/ble/svc/Src/svc_ctl.o
                0x0000000008004e5a                BVOPUS_STM_Init
 .text.SVCCTL_Init
                0x0000000008004e68       0x20 Middlewares/ST/STM32_WPAN/ble/svc/Src/svc_ctl.o
                0x0000000008004e68                SVCCTL_Init
 .text.SVCCTL_SvcInit
                0x0000000008004e88       0x48 Middlewares/ST/STM32_WPAN/ble/svc/Src/svc_ctl.o
                0x0000000008004e88                SVCCTL_SvcInit
 .text.SVCCTL_RegisterSvcHandler
                0x0000000008004ed0       0x34 Middlewares/ST/STM32_WPAN/ble/svc/Src/svc_ctl.o
                0x0000000008004ed0                SVCCTL_RegisterSvcHandler
 .text.SVCCTL_UserEvtRx
                0x0000000008004f04       0xa4 Middlewares/ST/STM32_WPAN/ble/svc/Src/svc_ctl.o
                0x0000000008004f04                SVCCTL_UserEvtRx
 .text.SHCI_C2_BLE_Init
                0x0000000008004fa8       0x2e Middlewares/ST/STM32_WPAN/interface/patterns/ble_thread/shci/shci.o
                0x0000000008004fa8                SHCI_C2_BLE_Init
 .text.SHCI_C2_DEBUG_Init
                0x0000000008004fd6       0x2e Middlewares/ST/STM32_WPAN/interface/patterns/ble_thread/shci/shci.o
                0x0000000008004fd6                SHCI_C2_DEBUG_Init
 .text.hci_init
                0x0000000008005004       0x38 Middlewares/ST/STM32_WPAN/interface/patterns/ble_thread/tl/hci_tl.o
                0x0000000008005004                hci_init
 .text.hci_user_evt_proc
                0x000000000800503c       0xa4 Middlewares/ST/STM32_WPAN/interface/patterns/ble_thread/tl/hci_tl.o
                0x000000000800503c                hci_user_evt_proc
 .text.hci_send_req
                0x00000000080050e0      0x104 Middlewares/ST/STM32_WPAN/interface/patterns/ble_thread/tl/hci_tl.o
                0x00000000080050e0                hci_send_req
 .text.TlInit   0x00000000080051e4       0x60 Middlewares/ST/STM32_WPAN/interface/patterns/ble_thread/tl/hci_tl.o
 .text.SendCmd  0x0000000008005244       0x58 Middlewares/ST/STM32_WPAN/interface/patterns/ble_thread/tl/hci_tl.o
 .text.NotifyCmdStatus
                0x000000000800529c       0x40 Middlewares/ST/STM32_WPAN/interface/patterns/ble_thread/tl/hci_tl.o
 .text.TlEvtReceived
                0x00000000080052dc       0x48 Middlewares/ST/STM32_WPAN/interface/patterns/ble_thread/tl/hci_tl.o
 .text.OutputCmdTrace
                0x0000000008005324       0x14 Middlewares/ST/STM32_WPAN/interface/patterns/ble_thread/tl/hci_tl.o
 .text.OutputRspTrace
                0x0000000008005338       0x28 Middlewares/ST/STM32_WPAN/interface/patterns/ble_thread/tl/hci_tl.o
 .text.OutputEvtTrace
                0x0000000008005360       0x1e Middlewares/ST/STM32_WPAN/interface/patterns/ble_thread/tl/hci_tl.o
 *fill*         0x000000000800537e        0x2 
 .text.hci_register_io_bus
                0x0000000008005380       0x28 Middlewares/ST/STM32_WPAN/interface/patterns/ble_thread/tl/hci_tl_if.o
                0x0000000008005380                hci_register_io_bus
 .text.shci_init
                0x00000000080053a8       0x38 Middlewares/ST/STM32_WPAN/interface/patterns/ble_thread/tl/shci_tl.o
                0x00000000080053a8                shci_init
 .text.shci_user_evt_proc
                0x00000000080053e0       0xa4 Middlewares/ST/STM32_WPAN/interface/patterns/ble_thread/tl/shci_tl.o
                0x00000000080053e0                shci_user_evt_proc
 .text.shci_send
                0x0000000008005484       0x8c Middlewares/ST/STM32_WPAN/interface/patterns/ble_thread/tl/shci_tl.o
                0x0000000008005484                shci_send
 .text.TlInit   0x0000000008005510       0x64 Middlewares/ST/STM32_WPAN/interface/patterns/ble_thread/tl/shci_tl.o
 .text.Cmd_SetStatus
                0x0000000008005574       0x50 Middlewares/ST/STM32_WPAN/interface/patterns/ble_thread/tl/shci_tl.o
 .text.TlCmdEvtReceived
                0x00000000080055c4       0x16 Middlewares/ST/STM32_WPAN/interface/patterns/ble_thread/tl/shci_tl.o
 *fill*         0x00000000080055da        0x2 
 .text.TlUserEvtReceived
                0x00000000080055dc       0x24 Middlewares/ST/STM32_WPAN/interface/patterns/ble_thread/tl/shci_tl.o
 .text.OutputCmdTrace
                0x0000000008005600       0x14 Middlewares/ST/STM32_WPAN/interface/patterns/ble_thread/tl/shci_tl.o
 .text.OutputRspTrace
                0x0000000008005614       0x20 Middlewares/ST/STM32_WPAN/interface/patterns/ble_thread/tl/shci_tl.o
 .text.OutputEvtTrace
                0x0000000008005634       0x1e Middlewares/ST/STM32_WPAN/interface/patterns/ble_thread/tl/shci_tl.o
 *fill*         0x0000000008005652        0x2 
 .text.shci_register_io_bus
                0x0000000008005654       0x28 Middlewares/ST/STM32_WPAN/interface/patterns/ble_thread/tl/shci_tl_if.o
                0x0000000008005654                shci_register_io_bus
 .text.TL_Enable
                0x000000000800567c        0xc Middlewares/ST/STM32_WPAN/interface/patterns/ble_thread/tl/tl_mbox.o
                0x000000000800567c                TL_Enable
 .text.TL_Init  0x0000000008005688       0x74 Middlewares/ST/STM32_WPAN/interface/patterns/ble_thread/tl/tl_mbox.o
                0x0000000008005688                TL_Init
 .text.TL_BLE_Init
                0x00000000080056fc       0x68 Middlewares/ST/STM32_WPAN/interface/patterns/ble_thread/tl/tl_mbox.o
                0x00000000080056fc                TL_BLE_Init
 .text.TL_BLE_SendCmd
                0x0000000008005764       0x28 Middlewares/ST/STM32_WPAN/interface/patterns/ble_thread/tl/tl_mbox.o
                0x0000000008005764                TL_BLE_SendCmd
 .text.HW_IPCC_BLE_RxEvtNot
                0x000000000800578c       0x38 Middlewares/ST/STM32_WPAN/interface/patterns/ble_thread/tl/tl_mbox.o
                0x000000000800578c                HW_IPCC_BLE_RxEvtNot
 .text.HW_IPCC_BLE_AclDataAckNot
                0x00000000080057c4       0x14 Middlewares/ST/STM32_WPAN/interface/patterns/ble_thread/tl/tl_mbox.o
                0x00000000080057c4                HW_IPCC_BLE_AclDataAckNot
 .text.TL_SYS_Init
                0x00000000080057d8       0x54 Middlewares/ST/STM32_WPAN/interface/patterns/ble_thread/tl/tl_mbox.o
                0x00000000080057d8                TL_SYS_Init
 .text.TL_SYS_SendCmd
                0x000000000800582c       0x28 Middlewares/ST/STM32_WPAN/interface/patterns/ble_thread/tl/tl_mbox.o
                0x000000000800582c                TL_SYS_SendCmd
 .text.HW_IPCC_SYS_CmdEvtNot
                0x0000000008005854       0x20 Middlewares/ST/STM32_WPAN/interface/patterns/ble_thread/tl/tl_mbox.o
                0x0000000008005854                HW_IPCC_SYS_CmdEvtNot
 .text.HW_IPCC_SYS_EvtNot
                0x0000000008005874       0x38 Middlewares/ST/STM32_WPAN/interface/patterns/ble_thread/tl/tl_mbox.o
                0x0000000008005874                HW_IPCC_SYS_EvtNot
 .text.TL_MM_Init
                0x00000000080058ac       0x78 Middlewares/ST/STM32_WPAN/interface/patterns/ble_thread/tl/tl_mbox.o
                0x00000000080058ac                TL_MM_Init
 .text.TL_MM_EvtDone
                0x0000000008005924       0x2c Middlewares/ST/STM32_WPAN/interface/patterns/ble_thread/tl/tl_mbox.o
                0x0000000008005924                TL_MM_EvtDone
 .text.SendFreeBuf
                0x0000000008005950       0x40 Middlewares/ST/STM32_WPAN/interface/patterns/ble_thread/tl/tl_mbox.o
 .text.OutputMemReleaseTrace
                0x0000000008005990       0x30 Middlewares/ST/STM32_WPAN/interface/patterns/ble_thread/tl/tl_mbox.o
 .text.TL_TRACES_Init
                0x00000000080059c0       0x24 Middlewares/ST/STM32_WPAN/interface/patterns/ble_thread/tl/tl_mbox.o
                0x00000000080059c0                TL_TRACES_Init
 .text.HW_IPCC_TRACES_EvtNot
                0x00000000080059e4       0x34 Middlewares/ST/STM32_WPAN/interface/patterns/ble_thread/tl/tl_mbox.o
                0x00000000080059e4                HW_IPCC_TRACES_EvtNot
 .text.TL_TRACES_EvtReceived
                0x0000000008005a18       0x14 Middlewares/ST/STM32_WPAN/interface/patterns/ble_thread/tl/tl_mbox.o
                0x0000000008005a18                TL_TRACES_EvtReceived
 .text.OTP_Read
                0x0000000008005a2c       0x50 Middlewares/ST/STM32_WPAN/utilities/otp.o
                0x0000000008005a2c                OTP_Read
 .text.LST_init_head
                0x0000000008005a7c       0x20 Middlewares/ST/STM32_WPAN/utilities/stm_list.o
                0x0000000008005a7c                LST_init_head
 .text.LST_is_empty
                0x0000000008005a9c       0x40 Middlewares/ST/STM32_WPAN/utilities/stm_list.o
                0x0000000008005a9c                LST_is_empty
 .text.LST_insert_head
                0x0000000008005adc       0x48 Middlewares/ST/STM32_WPAN/utilities/stm_list.o
                0x0000000008005adc                LST_insert_head
 .text.LST_insert_tail
                0x0000000008005b24       0x48 Middlewares/ST/STM32_WPAN/utilities/stm_list.o
                0x0000000008005b24                LST_insert_tail
 .text.LST_remove_node
                0x0000000008005b6c       0x3e Middlewares/ST/STM32_WPAN/utilities/stm_list.o
                0x0000000008005b6c                LST_remove_node
 .text.LST_remove_head
                0x0000000008005baa       0x3a Middlewares/ST/STM32_WPAN/utilities/stm_list.o
                0x0000000008005baa                LST_remove_head
 .text.LL_FLASH_GetUDN
                0x0000000008005be4       0x18 STM32_WPAN/App/app_ble.o
 .text.LL_FLASH_GetDeviceID
                0x0000000008005bfc       0x18 STM32_WPAN/App/app_ble.o
 .text.LL_FLASH_GetSTCompanyID
                0x0000000008005c14       0x18 STM32_WPAN/App/app_ble.o
 .text.APP_BLE_Init
                0x0000000008005c2c       0x94 STM32_WPAN/App/app_ble.o
                0x0000000008005c2c                APP_BLE_Init
 .text.SVCCTL_App_Notification
                0x0000000008005cc0      0x158 STM32_WPAN/App/app_ble.o
                0x0000000008005cc0                SVCCTL_App_Notification
 .text.Ble_Tl_Init
                0x0000000008005e18       0x2c STM32_WPAN/App/app_ble.o
 .text.Ble_Hci_Gap_Gatt_Init
                0x0000000008005e44      0x180 STM32_WPAN/App/app_ble.o
 .text.Adv_Request
                0x0000000008005fc4       0x60 STM32_WPAN/App/app_ble.o
 .text.BleGetBdAddress
                0x0000000008006024       0x88 STM32_WPAN/App/app_ble.o
 .text.Adv_Cancel
                0x00000000080060ac       0x34 STM32_WPAN/App/app_ble.o
 .text.hci_notify_asynch_evt
                0x00000000080060e0       0x18 STM32_WPAN/App/app_ble.o
                0x00000000080060e0                hci_notify_asynch_evt
 .text.hci_cmd_resp_release
                0x00000000080060f8       0x16 STM32_WPAN/App/app_ble.o
                0x00000000080060f8                hci_cmd_resp_release
 .text.hci_cmd_resp_wait
                0x000000000800610e       0x16 STM32_WPAN/App/app_ble.o
                0x000000000800610e                hci_cmd_resp_wait
 .text.BLE_UserEvtRx
                0x0000000008006124       0x38 STM32_WPAN/App/app_ble.o
 .text.BLE_StatusNot
                0x000000000800615c       0x36 STM32_WPAN/App/app_ble.o
 .text.Custom_APP_Notification
                0x0000000008006192       0x28 STM32_WPAN/App/custom_app.o
                0x0000000008006192                Custom_APP_Notification
 .text.Custom_APP_Init
                0x00000000080061ba        0xe STM32_WPAN/App/custom_app.o
                0x00000000080061ba                Custom_APP_Init
 .text.Custom_STM_Event_Handler
                0x00000000080061c8       0x5c STM32_WPAN/App/custom_stm.o
 .text.SVCCTL_InitCustomSvc
                0x0000000008006224      0x1b8 STM32_WPAN/App/custom_stm.o
                0x0000000008006224                SVCCTL_InitCustomSvc
 .text.LL_PWR_EnableBootC2
                0x00000000080063dc       0x20 STM32_WPAN/Target/hw_ipcc.o
 .text.LL_C2_EXTI_EnableEvent_32_63
                0x00000000080063fc       0x28 STM32_WPAN/Target/hw_ipcc.o
 .text.LL_EXTI_EnableRisingTrig_32_63
                0x0000000008006424       0x24 STM32_WPAN/Target/hw_ipcc.o
 .text.LL_AHB3_GRP1_EnableClock
                0x0000000008006448       0x32 STM32_WPAN/Target/hw_ipcc.o
 .text.LL_C1_IPCC_EnableIT_TXF
                0x000000000800647a       0x20 STM32_WPAN/Target/hw_ipcc.o
 .text.LL_C1_IPCC_EnableIT_RXO
                0x000000000800649a       0x20 STM32_WPAN/Target/hw_ipcc.o
 .text.LL_C1_IPCC_EnableTransmitChannel
                0x00000000080064ba       0x26 STM32_WPAN/Target/hw_ipcc.o
 .text.LL_C1_IPCC_DisableTransmitChannel
                0x00000000080064e0       0x24 STM32_WPAN/Target/hw_ipcc.o
 .text.LL_C1_IPCC_EnableReceiveChannel
                0x0000000008006504       0x24 STM32_WPAN/Target/hw_ipcc.o
 .text.LL_C1_IPCC_ClearFlag_CHx
                0x0000000008006528       0x1c STM32_WPAN/Target/hw_ipcc.o
 .text.LL_C1_IPCC_SetFlag_CHx
                0x0000000008006544       0x1e STM32_WPAN/Target/hw_ipcc.o
 .text.LL_C1_IPCC_IsActiveFlag_CHx
                0x0000000008006562       0x2a STM32_WPAN/Target/hw_ipcc.o
 .text.LL_C2_IPCC_IsActiveFlag_CHx
                0x000000000800658c       0x2a STM32_WPAN/Target/hw_ipcc.o
 *fill*         0x00000000080065b6        0x2 
 .text.HW_IPCC_Rx_Handler
                0x00000000080065b8       0x70 STM32_WPAN/Target/hw_ipcc.o
                0x00000000080065b8                HW_IPCC_Rx_Handler
 .text.HW_IPCC_Tx_Handler
                0x0000000008006628       0x94 STM32_WPAN/Target/hw_ipcc.o
                0x0000000008006628                HW_IPCC_Tx_Handler
 .text.HW_IPCC_Enable
                0x00000000080066bc       0x20 STM32_WPAN/Target/hw_ipcc.o
                0x00000000080066bc                HW_IPCC_Enable
 .text.HW_IPCC_Init
                0x00000000080066dc       0x2c STM32_WPAN/Target/hw_ipcc.o
                0x00000000080066dc                HW_IPCC_Init
 .text.HW_IPCC_BLE_Init
                0x0000000008006708       0x14 STM32_WPAN/Target/hw_ipcc.o
                0x0000000008006708                HW_IPCC_BLE_Init
 .text.HW_IPCC_BLE_SendCmd
                0x000000000800671c       0x14 STM32_WPAN/Target/hw_ipcc.o
                0x000000000800671c                HW_IPCC_BLE_SendCmd
 .text.HW_IPCC_BLE_EvtHandler
                0x0000000008006730       0x18 STM32_WPAN/Target/hw_ipcc.o
 .text.HW_IPCC_BLE_AclDataEvtHandler
                0x0000000008006748       0x18 STM32_WPAN/Target/hw_ipcc.o
 .text.HW_IPCC_SYS_Init
                0x0000000008006760       0x14 STM32_WPAN/Target/hw_ipcc.o
                0x0000000008006760                HW_IPCC_SYS_Init
 .text.HW_IPCC_SYS_SendCmd
                0x0000000008006774       0x1c STM32_WPAN/Target/hw_ipcc.o
                0x0000000008006774                HW_IPCC_SYS_SendCmd
 .text.HW_IPCC_SYS_CmdEvtHandler
                0x0000000008006790       0x18 STM32_WPAN/Target/hw_ipcc.o
 .text.HW_IPCC_SYS_EvtHandler
                0x00000000080067a8       0x18 STM32_WPAN/Target/hw_ipcc.o
 .text.HW_IPCC_MM_SendFreeBuf
                0x00000000080067c0       0x44 STM32_WPAN/Target/hw_ipcc.o
                0x00000000080067c0                HW_IPCC_MM_SendFreeBuf
 .text.HW_IPCC_MM_FreeBufHandler
                0x0000000008006804       0x28 STM32_WPAN/Target/hw_ipcc.o
 .text.HW_IPCC_TRACES_Init
                0x000000000800682c       0x14 STM32_WPAN/Target/hw_ipcc.o
                0x000000000800682c                HW_IPCC_TRACES_Init
 .text.HW_IPCC_TRACES_EvtHandler
                0x0000000008006840       0x18 STM32_WPAN/Target/hw_ipcc.o
 .text.UTIL_LPM_Init
                0x0000000008006858       0x24 Utilities/lpm/tiny_lpm/stm32_lpm.o
                0x0000000008006858                UTIL_LPM_Init
 .text.UTIL_LPM_SetOffMode
                0x000000000800687c       0x5c Utilities/lpm/tiny_lpm/stm32_lpm.o
                0x000000000800687c                UTIL_LPM_SetOffMode
 .text.UTIL_SEQ_Run
                0x00000000080068d8      0x1c0 Utilities/sequencer/stm32_seq.o
                0x00000000080068d8                UTIL_SEQ_Run
 .text.UTIL_SEQ_RegTask
                0x0000000008006a98       0x40 Utilities/sequencer/stm32_seq.o
                0x0000000008006a98                UTIL_SEQ_RegTask
 .text.UTIL_SEQ_SetTask
                0x0000000008006ad8       0x54 Utilities/sequencer/stm32_seq.o
                0x0000000008006ad8                UTIL_SEQ_SetTask
 .text.UTIL_SEQ_PauseTask
                0x0000000008006b2c       0x3c Utilities/sequencer/stm32_seq.o
                0x0000000008006b2c                UTIL_SEQ_PauseTask
 .text.UTIL_SEQ_ResumeTask
                0x0000000008006b68       0x3c Utilities/sequencer/stm32_seq.o
                0x0000000008006b68                UTIL_SEQ_ResumeTask
 .text.UTIL_SEQ_SetEvt
                0x0000000008006ba4       0x3c Utilities/sequencer/stm32_seq.o
                0x0000000008006ba4                UTIL_SEQ_SetEvt
 .text.UTIL_SEQ_WaitEvt
                0x0000000008006be0       0x84 Utilities/sequencer/stm32_seq.o
                0x0000000008006be0                UTIL_SEQ_WaitEvt
 .text.UTIL_SEQ_PreIdle
                0x0000000008006c64        0xe Utilities/sequencer/stm32_seq.o
                0x0000000008006c64                UTIL_SEQ_PreIdle
 .text.UTIL_SEQ_PostIdle
                0x0000000008006c72        0xe Utilities/sequencer/stm32_seq.o
                0x0000000008006c72                UTIL_SEQ_PostIdle
 .text.SEQ_BitPosition
                0x0000000008006c80       0x74 Utilities/sequencer/stm32_seq.o
                0x0000000008006c80                SEQ_BitPosition
 .text.__libc_init_array
                0x0000000008006cf4       0x48 c:/st/stm32cubeide_1.4.0/stm32cubeide/plugins/com.st.stm32cube.ide.mcu.externaltools.gnu-tools-for-stm32.7-2018-q2-update.win32_1.4.0.202007081208/tools/bin/../lib/gcc/arm-none-eabi/7.3.1/../../../../arm-none-eabi/lib/thumb/v7e-m/fpv4-sp/hard\libc_nano.a(lib_a-init.o)
                0x0000000008006cf4                __libc_init_array
 .text.memcpy   0x0000000008006d3c       0x16 c:/st/stm32cubeide_1.4.0/stm32cubeide/plugins/com.st.stm32cube.ide.mcu.externaltools.gnu-tools-for-stm32.7-2018-q2-update.win32_1.4.0.202007081208/tools/bin/../lib/gcc/arm-none-eabi/7.3.1/../../../../arm-none-eabi/lib/thumb/v7e-m/fpv4-sp/hard\libc_nano.a(lib_a-memcpy-stub.o)
                0x0000000008006d3c                memcpy
 .text.memset   0x0000000008006d52       0x10 c:/st/stm32cubeide_1.4.0/stm32cubeide/plugins/com.st.stm32cube.ide.mcu.externaltools.gnu-tools-for-stm32.7-2018-q2-update.win32_1.4.0.202007081208/tools/bin/../lib/gcc/arm-none-eabi/7.3.1/../../../../arm-none-eabi/lib/thumb/v7e-m/fpv4-sp/hard\libc_nano.a(lib_a-memset.o)
                0x0000000008006d52                memset
 *(.glue_7)
 .glue_7        0x0000000008006d62        0x0 linker stubs
 *(.glue_7t)
 .glue_7t       0x0000000008006d62        0x0 linker stubs
 *(.eh_frame)
 *fill*         0x0000000008006d62        0x2 
 .eh_frame      0x0000000008006d64        0x0 c:/st/stm32cubeide_1.4.0/stm32cubeide/plugins/com.st.stm32cube.ide.mcu.externaltools.gnu-tools-for-stm32.7-2018-q2-update.win32_1.4.0.202007081208/tools/bin/../lib/gcc/arm-none-eabi/7.3.1/thumb/v7e-m/fpv4-sp/hard/crtbegin.o
 *(.init)
 .init          0x0000000008006d64        0x4 c:/st/stm32cubeide_1.4.0/stm32cubeide/plugins/com.st.stm32cube.ide.mcu.externaltools.gnu-tools-for-stm32.7-2018-q2-update.win32_1.4.0.202007081208/tools/bin/../lib/gcc/arm-none-eabi/7.3.1/thumb/v7e-m/fpv4-sp/hard/crti.o
                0x0000000008006d64                _init
 .init          0x0000000008006d68        0x8 c:/st/stm32cubeide_1.4.0/stm32cubeide/plugins/com.st.stm32cube.ide.mcu.externaltools.gnu-tools-for-stm32.7-2018-q2-update.win32_1.4.0.202007081208/tools/bin/../lib/gcc/arm-none-eabi/7.3.1/thumb/v7e-m/fpv4-sp/hard/crtn.o
 *(.fini)
 .fini          0x0000000008006d70        0x4 c:/st/stm32cubeide_1.4.0/stm32cubeide/plugins/com.st.stm32cube.ide.mcu.externaltools.gnu-tools-for-stm32.7-2018-q2-update.win32_1.4.0.202007081208/tools/bin/../lib/gcc/arm-none-eabi/7.3.1/thumb/v7e-m/fpv4-sp/hard/crti.o
                0x0000000008006d70                _fini
 .fini          0x0000000008006d74        0x8 c:/st/stm32cubeide_1.4.0/stm32cubeide/plugins/com.st.stm32cube.ide.mcu.externaltools.gnu-tools-for-stm32.7-2018-q2-update.win32_1.4.0.202007081208/tools/bin/../lib/gcc/arm-none-eabi/7.3.1/thumb/v7e-m/fpv4-sp/hard/crtn.o
                0x0000000008006d7c                . = ALIGN (0x4)
                0x0000000008006d7c                _etext = .

.vfp11_veneer   0x0000000008006d7c        0x0
 .vfp11_veneer  0x0000000008006d7c        0x0 linker stubs

.v4_bx          0x0000000008006d7c        0x0
 .v4_bx         0x0000000008006d7c        0x0 linker stubs

.iplt           0x0000000008006d7c        0x0
 .iplt          0x0000000008006d7c        0x0 c:/st/stm32cubeide_1.4.0/stm32cubeide/plugins/com.st.stm32cube.ide.mcu.externaltools.gnu-tools-for-stm32.7-2018-q2-update.win32_1.4.0.202007081208/tools/bin/../lib/gcc/arm-none-eabi/7.3.1/thumb/v7e-m/fpv4-sp/hard/crtbegin.o

.rodata         0x0000000008006d7c      0x248
                0x0000000008006d7c                . = ALIGN (0x4)
 *(.rodata)
 .rodata        0x0000000008006d7c       0x1b Core/Src/app_debug.o
 *fill*         0x0000000008006d97        0x1 
 .rodata        0x0000000008006d98       0x2c Drivers/STM32WBxx_HAL_Driver/Src/stm32wbxx_hal_rcc.o
 .rodata        0x0000000008006dc4       0x37 STM32_WPAN/App/app_ble.o
 *(.rodata*)
 *fill*         0x0000000008006dfb        0x1 
 .rodata.aGpioConfigList
                0x0000000008006dfc      0x110 Core/Src/app_debug.o
 .rodata.AHBPrescTable
                0x0000000008006f0c       0x40 Core/Src/system_stm32wbxx.o
                0x0000000008006f0c                AHBPrescTable
 .rodata.MSIRangeTable
                0x0000000008006f4c       0x40 Core/Src/system_stm32wbxx.o
                0x0000000008006f4c                MSIRangeTable
 .rodata.M_bd_addr
                0x0000000008006f8c        0x6 STM32_WPAN/App/app_ble.o
 *fill*         0x0000000008006f92        0x2 
 .rodata.BLE_CFG_IR_VALUE
                0x0000000008006f94       0x10 STM32_WPAN/App/app_ble.o
 .rodata.BLE_CFG_ER_VALUE
                0x0000000008006fa4       0x10 STM32_WPAN/App/app_ble.o
 .rodata.SEQ_clz_table_4bit
                0x0000000008006fb4       0x10 Utilities/sequencer/stm32_seq.o
                0x0000000008006fc4                . = ALIGN (0x4)

.rel.dyn        0x0000000008006fc4        0x0
 .rel.iplt      0x0000000008006fc4        0x0 c:/st/stm32cubeide_1.4.0/stm32cubeide/plugins/com.st.stm32cube.ide.mcu.externaltools.gnu-tools-for-stm32.7-2018-q2-update.win32_1.4.0.202007081208/tools/bin/../lib/gcc/arm-none-eabi/7.3.1/thumb/v7e-m/fpv4-sp/hard/crtbegin.o

.ARM.extab
 *(.ARM.extab* .gnu.linkonce.armextab.*)

.ARM            0x0000000008006fc4        0x0
                0x0000000008006fc4                __exidx_start = .
 *(.ARM.exidx*)
                0x0000000008006fc4                __exidx_end = .

.preinit_array  0x0000000008006fc4        0x0
                0x0000000008006fc4                PROVIDE (__preinit_array_start = .)
 *(.preinit_array*)
                0x0000000008006fc4                PROVIDE (__preinit_array_end = .)

.init_array     0x0000000008006fc4        0x4
                0x0000000008006fc4                PROVIDE (__init_array_start = .)
 *(SORT_BY_NAME(.init_array.*))
 *(.init_array*)
 .init_array    0x0000000008006fc4        0x4 c:/st/stm32cubeide_1.4.0/stm32cubeide/plugins/com.st.stm32cube.ide.mcu.externaltools.gnu-tools-for-stm32.7-2018-q2-update.win32_1.4.0.202007081208/tools/bin/../lib/gcc/arm-none-eabi/7.3.1/thumb/v7e-m/fpv4-sp/hard/crtbegin.o
                0x0000000008006fc8                PROVIDE (__init_array_end = .)

.fini_array     0x0000000008006fc8        0x4
                [!provide]                        PROVIDE (__fini_array_start = .)
 *(SORT_BY_NAME(.fini_array.*))
 *(.fini_array*)
 .fini_array    0x0000000008006fc8        0x4 c:/st/stm32cubeide_1.4.0/stm32cubeide/plugins/com.st.stm32cube.ide.mcu.externaltools.gnu-tools-for-stm32.7-2018-q2-update.win32_1.4.0.202007081208/tools/bin/../lib/gcc/arm-none-eabi/7.3.1/thumb/v7e-m/fpv4-sp/hard/crtbegin.o
                [!provide]                        PROVIDE (__fini_array_end = .)
                0x0000000008006fcc                _sidata = LOADADDR (.data)

.data           0x0000000020000004       0x28 load address 0x0000000008006fcc
                0x0000000020000004                . = ALIGN (0x4)
                0x0000000020000004                _sdata = .
 *(.data)
 *(.data*)
 .data.SystemCoreClock
                0x0000000020000004        0x4 Core/Src/system_stm32wbxx.o
                0x0000000020000004                SystemCoreClock
 .data.uwTickPrio
                0x0000000020000008        0x4 Drivers/STM32WBxx_HAL_Driver/Src/stm32wbxx_hal.o
                0x0000000020000008                uwTickPrio
 .data.uwTickFreq
                0x000000002000000c        0x1 Drivers/STM32WBxx_HAL_Driver/Src/stm32wbxx_hal.o
                0x000000002000000c                uwTickFreq
 *fill*         0x000000002000000d        0x3 
 .data.ad_data  0x0000000020000010       0x11 STM32_WPAN/App/app_ble.o
                0x0000000020000010                ad_data
 *fill*         0x0000000020000021        0x3 
 .data.TaskMask
                0x0000000020000024        0x4 Utilities/sequencer/stm32_seq.o
 .data.SuperMask
                0x0000000020000028        0x4 Utilities/sequencer/stm32_seq.o
                0x000000002000002c                . = ALIGN (0x4)
                0x000000002000002c                _edata = .

.igot.plt       0x000000002000002c        0x0 load address 0x0000000008006ff4
 .igot.plt      0x000000002000002c        0x0 c:/st/stm32cubeide_1.4.0/stm32cubeide/plugins/com.st.stm32cube.ide.mcu.externaltools.gnu-tools-for-stm32.7-2018-q2-update.win32_1.4.0.202007081208/tools/bin/../lib/gcc/arm-none-eabi/7.3.1/thumb/v7e-m/fpv4-sp/hard/crtbegin.o

TIMERSERVER_CONTEXT
                0x000000002000002c       0x99 load address 0x0000000008006ff4
 TIMERSERVER_CONTEXT
                0x000000002000002c       0x99 Core/Src/hw_timerserver.o

BLE_DRIVER_CONTEXT
                0x00000000200000c8       0x40 load address 0x000000000800708d
 BLE_DRIVER_CONTEXT
                0x00000000200000c8       0x21 Middlewares/ST/STM32_WPAN/ble/svc/Src/svc_ctl.o
                0x00000000200000c8                SVCCTL_EvtHandler
                0x00000000200000e8                SVCCTL_CltHandler
 *fill*         0x00000000200000e9        0x3 
 BLE_DRIVER_CONTEXT
                0x00000000200000ec       0x11 Middlewares/ST/STM32_WPAN/interface/patterns/ble_thread/tl/hci_tl.o
                0x00000000200000fc                UserEventFlow
 *fill*         0x00000000200000fd        0x3 
 BLE_DRIVER_CONTEXT
                0x0000000020000100        0x8 STM32_WPAN/App/custom_stm.o

SYSTEM_DRIVER_CONTEXT
                0x0000000020000108       0x11 load address 0x00000000080070cd
 SYSTEM_DRIVER_CONTEXT
                0x0000000020000108       0x11 Middlewares/ST/STM32_WPAN/interface/patterns/ble_thread/tl/shci_tl.o
                0x0000000020000118                SHCI_TL_UserEventFlow

BLE_APP_CONTEXT
                0x000000002000011c       0x94 load address 0x00000000080070de
 BLE_APP_CONTEXT
                0x000000002000011c       0x94 STM32_WPAN/App/app_ble.o
                0x00000000200001b0                . = ALIGN (0x4)

.bss            0x00000000200001b0      0x1ac load address 0x0000000008007172
                0x00000000200001b0                _sbss = .
                0x00000000200001b0                __bss_start__ = _sbss
 *(.bss)
 .bss           0x00000000200001b0       0x1c c:/st/stm32cubeide_1.4.0/stm32cubeide/plugins/com.st.stm32cube.ide.mcu.externaltools.gnu-tools-for-stm32.7-2018-q2-update.win32_1.4.0.202007081208/tools/bin/../lib/gcc/arm-none-eabi/7.3.1/thumb/v7e-m/fpv4-sp/hard/crtbegin.o
 *(.bss*)
 .bss.phrtc     0x00000000200001cc        0x4 Core/Src/hw_timerserver.o
 .bss.WakeupTimerDivider
                0x00000000200001d0        0x1 Core/Src/hw_timerserver.o
 .bss.AsynchPrescalerUserConfig
                0x00000000200001d1        0x1 Core/Src/hw_timerserver.o
 .bss.SynchPrescalerUserConfig
                0x00000000200001d2        0x2 Core/Src/hw_timerserver.o
 .bss.MaxWakeupTimerSetup
                0x00000000200001d4        0x2 Core/Src/hw_timerserver.o
 *fill*         0x00000000200001d6        0x2 
 .bss.hciContext
                0x00000000200001d8       0x20 Middlewares/ST/STM32_WPAN/interface/patterns/ble_thread/tl/hci_tl.o
 .bss.HciCmdEventQueue
                0x00000000200001f8        0x8 Middlewares/ST/STM32_WPAN/interface/patterns/ble_thread/tl/hci_tl.o
 .bss.StatusNotCallBackFunction
                0x0000000020000200        0x4 Middlewares/ST/STM32_WPAN/interface/patterns/ble_thread/tl/hci_tl.o
 .bss.shciContext
                0x0000000020000204       0x20 Middlewares/ST/STM32_WPAN/interface/patterns/ble_thread/tl/shci_tl.o
 .bss.StatusNotCallBackFunction
                0x0000000020000224        0x4 Middlewares/ST/STM32_WPAN/interface/patterns/ble_thread/tl/shci_tl.o
 .bss.LocalFreeBufQueue
                0x0000000020000228        0x8 Middlewares/ST/STM32_WPAN/interface/patterns/ble_thread/tl/tl_mbox.o
 .bss.BLE_IoBusEvtCallBackFunction
                0x0000000020000230        0x4 Middlewares/ST/STM32_WPAN/interface/patterns/ble_thread/tl/tl_mbox.o
 .bss.BLE_IoBusAclDataTxAck
                0x0000000020000234        0x4 Middlewares/ST/STM32_WPAN/interface/patterns/ble_thread/tl/tl_mbox.o
 .bss.SYS_CMD_IoBusCallBackFunction
                0x0000000020000238        0x4 Middlewares/ST/STM32_WPAN/interface/patterns/ble_thread/tl/tl_mbox.o
 .bss.SYS_EVT_IoBusCallBackFunction
                0x000000002000023c        0x4 Middlewares/ST/STM32_WPAN/interface/patterns/ble_thread/tl/tl_mbox.o
 .bss.p_mem_manager_table.8017
                0x0000000020000240        0x4 Middlewares/ST/STM32_WPAN/interface/patterns/ble_thread/tl/tl_mbox.o
 .bss.bd_addr_udn
                0x0000000020000244        0x6 STM32_WPAN/App/app_ble.o
 *fill*         0x000000002000024a        0x2 
 .bss.FreeBufCb
                0x000000002000024c        0x4 STM32_WPAN/Target/hw_ipcc.o
 .bss.StopModeDisable
                0x0000000020000250        0x4 Utilities/lpm/tiny_lpm/stm32_lpm.o
 .bss.OffModeDisable
                0x0000000020000254        0x4 Utilities/lpm/tiny_lpm/stm32_lpm.o
 .bss.TaskSet   0x0000000020000258        0x4 Utilities/sequencer/stm32_seq.o
 .bss.EvtSet    0x000000002000025c        0x4 Utilities/sequencer/stm32_seq.o
 .bss.EvtWaited
                0x0000000020000260        0x4 Utilities/sequencer/stm32_seq.o
 .bss.CurrentTaskIdx
                0x0000000020000264        0x4 Utilities/sequencer/stm32_seq.o
 .bss.TaskCb    0x0000000020000268       0x80 Utilities/sequencer/stm32_seq.o
 .bss.TaskPrio  0x00000000200002e8       0x10 Utilities/sequencer/stm32_seq.o
 *(COMMON)
 COMMON         0x00000000200002f8       0x5c Core/Src/main.o
                0x00000000200002f8                hcrc
                0x000000002000031c                hrtc
                0x0000000020000340                hrng
 COMMON         0x0000000020000354        0x4 Drivers/STM32WBxx_HAL_Driver/Src/stm32wbxx_hal.o
                0x0000000020000354                uwTick
 COMMON         0x0000000020000358        0x4 STM32_WPAN/App/app_ble.o
                0x0000000020000358                handleNotification
                0x000000002000035c                . = ALIGN (0x4)
                0x000000002000035c                _ebss = .
                0x000000002000035c                __bss_end__ = _ebss

._user_heap_stack
                0x000000002000035c      0x604 load address 0x0000000008007172
                0x0000000020000360                . = ALIGN (0x8)
 *fill*         0x000000002000035c        0x4 
                [!provide]                        PROVIDE (end = .)
                0x0000000020000360                PROVIDE (_end = .)
                0x0000000020000560                . = (. + _Min_Heap_Size)
 *fill*         0x0000000020000360      0x200 
                0x0000000020000960                . = (. + _Min_Stack_Size)
 *fill*         0x0000000020000560      0x400 
                0x0000000020000960                . = ALIGN (0x8)

/DISCARD/
 libc.a(*)
 libm.a(*)
 libgcc.a(*)

.ARM.attributes
                0x0000000000000000       0x30
 *(.ARM.attributes)
 .ARM.attributes
                0x0000000000000000       0x22 c:/st/stm32cubeide_1.4.0/stm32cubeide/plugins/com.st.stm32cube.ide.mcu.externaltools.gnu-tools-for-stm32.7-2018-q2-update.win32_1.4.0.202007081208/tools/bin/../lib/gcc/arm-none-eabi/7.3.1/thumb/v7e-m/fpv4-sp/hard/crti.o
 .ARM.attributes
                0x0000000000000022       0x34 c:/st/stm32cubeide_1.4.0/stm32cubeide/plugins/com.st.stm32cube.ide.mcu.externaltools.gnu-tools-for-stm32.7-2018-q2-update.win32_1.4.0.202007081208/tools/bin/../lib/gcc/arm-none-eabi/7.3.1/thumb/v7e-m/fpv4-sp/hard/crtbegin.o
 .ARM.attributes
                0x0000000000000056       0x39 Core/Src/app_debug.o
 .ARM.attributes
                0x000000000000008f       0x39 Core/Src/app_entry.o
 .ARM.attributes
                0x00000000000000c8       0x39 Core/Src/hw_timerserver.o
 .ARM.attributes
                0x0000000000000101       0x39 Core/Src/main.o
 .ARM.attributes
                0x000000000000013a       0x39 Core/Src/stm32wbxx_hal_msp.o
 .ARM.attributes
                0x0000000000000173       0x39 Core/Src/stm32wbxx_it.o
 .ARM.attributes
                0x00000000000001ac       0x39 Core/Src/system_stm32wbxx.o
 .ARM.attributes
                0x00000000000001e5       0x21 Core/Startup/startup_stm32wb55rgvx.o
 .ARM.attributes
                0x0000000000000206       0x39 Drivers/STM32WBxx_HAL_Driver/Src/stm32wbxx_hal.o
 .ARM.attributes
                0x000000000000023f       0x39 Drivers/STM32WBxx_HAL_Driver/Src/stm32wbxx_hal_cortex.o
 .ARM.attributes
                0x0000000000000278       0x39 Drivers/STM32WBxx_HAL_Driver/Src/stm32wbxx_hal_crc.o
 .ARM.attributes
                0x00000000000002b1       0x39 Drivers/STM32WBxx_HAL_Driver/Src/stm32wbxx_hal_crc_ex.o
 .ARM.attributes
                0x00000000000002ea       0x39 Drivers/STM32WBxx_HAL_Driver/Src/stm32wbxx_hal_hsem.o
 .ARM.attributes
                0x0000000000000323       0x39 Drivers/STM32WBxx_HAL_Driver/Src/stm32wbxx_hal_pwr.o
 .ARM.attributes
                0x000000000000035c       0x39 Drivers/STM32WBxx_HAL_Driver/Src/stm32wbxx_hal_pwr_ex.o
 .ARM.attributes
                0x0000000000000395       0x39 Drivers/STM32WBxx_HAL_Driver/Src/stm32wbxx_hal_rcc.o
 .ARM.attributes
                0x00000000000003ce       0x39 Drivers/STM32WBxx_HAL_Driver/Src/stm32wbxx_hal_rcc_ex.o
 .ARM.attributes
                0x0000000000000407       0x39 Drivers/STM32WBxx_HAL_Driver/Src/stm32wbxx_hal_rng.o
 .ARM.attributes
                0x0000000000000440       0x39 Drivers/STM32WBxx_HAL_Driver/Src/stm32wbxx_hal_rtc.o
 .ARM.attributes
                0x0000000000000479       0x39 Drivers/STM32WBxx_HAL_Driver/Src/stm32wbxx_hal_rtc_ex.o
 .ARM.attributes
                0x00000000000004b2       0x39 Middlewares/ST/STM32_WPAN/ble/core/auto/ble_gap_aci.o
 .ARM.attributes
                0x00000000000004eb       0x39 Middlewares/ST/STM32_WPAN/ble/core/auto/ble_gatt_aci.o
 .ARM.attributes
                0x0000000000000524       0x39 Middlewares/ST/STM32_WPAN/ble/core/auto/ble_hal_aci.o
 .ARM.attributes
                0x000000000000055d       0x39 Middlewares/ST/STM32_WPAN/ble/core/auto/ble_hci_le.o
 .ARM.attributes
                0x0000000000000596       0x39 Middlewares/ST/STM32_WPAN/ble/core/template/osal.o
 .ARM.attributes
                0x00000000000005cf       0x39 Middlewares/ST/STM32_WPAN/ble/svc/Src/svc_ctl.o
 .ARM.attributes
                0x0000000000000608       0x39 Middlewares/ST/STM32_WPAN/interface/patterns/ble_thread/shci/shci.o
 .ARM.attributes
                0x0000000000000641       0x39 Middlewares/ST/STM32_WPAN/interface/patterns/ble_thread/tl/hci_tl.o
 .ARM.attributes
                0x000000000000067a       0x39 Middlewares/ST/STM32_WPAN/interface/patterns/ble_thread/tl/hci_tl_if.o
 .ARM.attributes
                0x00000000000006b3       0x39 Middlewares/ST/STM32_WPAN/interface/patterns/ble_thread/tl/shci_tl.o
 .ARM.attributes
                0x00000000000006ec       0x39 Middlewares/ST/STM32_WPAN/interface/patterns/ble_thread/tl/shci_tl_if.o
 .ARM.attributes
                0x0000000000000725       0x39 Middlewares/ST/STM32_WPAN/interface/patterns/ble_thread/tl/tl_mbox.o
 .ARM.attributes
                0x000000000000075e       0x39 Middlewares/ST/STM32_WPAN/utilities/otp.o
 .ARM.attributes
                0x0000000000000797       0x39 Middlewares/ST/STM32_WPAN/utilities/stm_list.o
 .ARM.attributes
                0x00000000000007d0       0x39 STM32_WPAN/App/app_ble.o
 .ARM.attributes
                0x0000000000000809       0x39 STM32_WPAN/App/custom_app.o
 .ARM.attributes
                0x0000000000000842       0x39 STM32_WPAN/App/custom_stm.o
 .ARM.attributes
                0x000000000000087b       0x39 STM32_WPAN/Target/hw_ipcc.o
 .ARM.attributes
                0x00000000000008b4       0x39 Utilities/lpm/tiny_lpm/stm32_lpm.o
 .ARM.attributes
                0x00000000000008ed       0x39 Utilities/sequencer/stm32_seq.o
 .ARM.attributes
                0x0000000000000926       0x34 c:/st/stm32cubeide_1.4.0/stm32cubeide/plugins/com.st.stm32cube.ide.mcu.externaltools.gnu-tools-for-stm32.7-2018-q2-update.win32_1.4.0.202007081208/tools/bin/../lib/gcc/arm-none-eabi/7.3.1/../../../../arm-none-eabi/lib/thumb/v7e-m/fpv4-sp/hard\libc_nano.a(lib_a-init.o)
 .ARM.attributes
                0x000000000000095a       0x34 c:/st/stm32cubeide_1.4.0/stm32cubeide/plugins/com.st.stm32cube.ide.mcu.externaltools.gnu-tools-for-stm32.7-2018-q2-update.win32_1.4.0.202007081208/tools/bin/../lib/gcc/arm-none-eabi/7.3.1/../../../../arm-none-eabi/lib/thumb/v7e-m/fpv4-sp/hard\libc_nano.a(lib_a-memcpy-stub.o)
 .ARM.attributes
                0x000000000000098e       0x34 c:/st/stm32cubeide_1.4.0/stm32cubeide/plugins/com.st.stm32cube.ide.mcu.externaltools.gnu-tools-for-stm32.7-2018-q2-update.win32_1.4.0.202007081208/tools/bin/../lib/gcc/arm-none-eabi/7.3.1/../../../../arm-none-eabi/lib/thumb/v7e-m/fpv4-sp/hard\libc_nano.a(lib_a-memset.o)
 .ARM.attributes
                0x00000000000009c2       0x1b c:/st/stm32cubeide_1.4.0/stm32cubeide/plugins/com.st.stm32cube.ide.mcu.externaltools.gnu-tools-for-stm32.7-2018-q2-update.win32_1.4.0.202007081208/tools/bin/../lib/gcc/arm-none-eabi/7.3.1/../../../../arm-none-eabi/lib/thumb/v7e-m/fpv4-sp/hard\libc_nano.a(lib_a-strlen.o)
 .ARM.attributes
                0x00000000000009dd       0x22 c:/st/stm32cubeide_1.4.0/stm32cubeide/plugins/com.st.stm32cube.ide.mcu.externaltools.gnu-tools-for-stm32.7-2018-q2-update.win32_1.4.0.202007081208/tools/bin/../lib/gcc/arm-none-eabi/7.3.1/thumb/v7e-m/fpv4-sp/hard/crtn.o

MAPPING_TABLE   0x0000000020030000       0x28
 *(MAPPING_TABLE)
 MAPPING_TABLE  0x0000000020030000       0x28 Middlewares/ST/STM32_WPAN/interface/patterns/ble_thread/tl/tl_mbox.o

MB_MEM1         0x0000000020030028      0x1b7
 *(MB_MEM1)
 MB_MEM1        0x0000000020030028       0xac Middlewares/ST/STM32_WPAN/interface/patterns/ble_thread/tl/tl_mbox.o
 MB_MEM1        0x00000000200300d4      0x10b STM32_WPAN/App/app_ble.o

MB_MEM2         0x00000000200301e0      0x877
                0x00000000200301e0                _sMB_MEM2 = .
 *(MB_MEM2)
 MB_MEM2        0x00000000200301e0        0x8 Core/Src/app_debug.o
 MB_MEM2        0x00000000200301e8      0x85e Core/Src/app_entry.o
 *fill*         0x0000000020030a46        0x2 
 MB_MEM2        0x0000000020030a48        0xf Middlewares/ST/STM32_WPAN/interface/patterns/ble_thread/tl/tl_mbox.o
                0x0000000020030a57                _eMB_MEM2 = .
OUTPUT(BLE test.elf elf32-littlearm)

.debug_info     0x0000000000000000    0x2e47c
 .debug_info    0x0000000000000000     0x1219 Core/Src/app_debug.o
 .debug_info    0x0000000000001219     0x17ba Core/Src/app_entry.o
 .debug_info    0x00000000000029d3     0x1acf Core/Src/hw_timerserver.o
 .debug_info    0x00000000000044a2     0x2072 Core/Src/main.o
 .debug_info    0x0000000000006514      0xedd Core/Src/stm32wbxx_hal_msp.o
 .debug_info    0x00000000000073f1      0xb16 Core/Src/stm32wbxx_it.o
 .debug_info    0x0000000000007f07      0x7e0 Core/Src/system_stm32wbxx.o
 .debug_info    0x00000000000086e7       0x22 Core/Startup/startup_stm32wb55rgvx.o
 .debug_info    0x0000000000008709     0x1353 Drivers/STM32WBxx_HAL_Driver/Src/stm32wbxx_hal.o
 .debug_info    0x0000000000009a5c      0xe14 Drivers/STM32WBxx_HAL_Driver/Src/stm32wbxx_hal_cortex.o
 .debug_info    0x000000000000a870      0x651 Drivers/STM32WBxx_HAL_Driver/Src/stm32wbxx_hal_crc.o
 .debug_info    0x000000000000aec1      0x485 Drivers/STM32WBxx_HAL_Driver/Src/stm32wbxx_hal_crc_ex.o
 .debug_info    0x000000000000b346      0x53e Drivers/STM32WBxx_HAL_Driver/Src/stm32wbxx_hal_hsem.o
 .debug_info    0x000000000000b884      0xa0c Drivers/STM32WBxx_HAL_Driver/Src/stm32wbxx_hal_pwr.o
 .debug_info    0x000000000000c290     0x115e Drivers/STM32WBxx_HAL_Driver/Src/stm32wbxx_hal_pwr_ex.o
 .debug_info    0x000000000000d3ee     0x1599 Drivers/STM32WBxx_HAL_Driver/Src/stm32wbxx_hal_rcc.o
 .debug_info    0x000000000000e987     0x1cc9 Drivers/STM32WBxx_HAL_Driver/Src/stm32wbxx_hal_rcc_ex.o
 .debug_info    0x0000000000010650      0x5a1 Drivers/STM32WBxx_HAL_Driver/Src/stm32wbxx_hal_rng.o
 .debug_info    0x0000000000010bf1      0xd89 Drivers/STM32WBxx_HAL_Driver/Src/stm32wbxx_hal_rtc.o
 .debug_info    0x000000000001197a     0x1120 Drivers/STM32WBxx_HAL_Driver/Src/stm32wbxx_hal_rtc_ex.o
 .debug_info    0x0000000000012a9a     0x338e Middlewares/ST/STM32_WPAN/ble/core/auto/ble_gap_aci.o
 .debug_info    0x0000000000015e28     0x3731 Middlewares/ST/STM32_WPAN/ble/core/auto/ble_gatt_aci.o
 .debug_info    0x0000000000019559     0x14bd Middlewares/ST/STM32_WPAN/ble/core/auto/ble_hal_aci.o
 .debug_info    0x000000000001aa16     0x3728 Middlewares/ST/STM32_WPAN/ble/core/auto/ble_hci_le.o
 .debug_info    0x000000000001e13e      0x956 Middlewares/ST/STM32_WPAN/ble/core/template/osal.o
 .debug_info    0x000000000001ea94      0xec7 Middlewares/ST/STM32_WPAN/ble/svc/Src/svc_ctl.o
 .debug_info    0x000000000001f95b     0x1e90 Middlewares/ST/STM32_WPAN/interface/patterns/ble_thread/shci/shci.o
 .debug_info    0x00000000000217eb     0x1264 Middlewares/ST/STM32_WPAN/interface/patterns/ble_thread/tl/hci_tl.o
 .debug_info    0x0000000000022a4f      0x9c8 Middlewares/ST/STM32_WPAN/interface/patterns/ble_thread/tl/hci_tl_if.o
 .debug_info    0x0000000000023417      0xf66 Middlewares/ST/STM32_WPAN/interface/patterns/ble_thread/tl/shci_tl.o
 .debug_info    0x000000000002437d      0x9c8 Middlewares/ST/STM32_WPAN/interface/patterns/ble_thread/tl/shci_tl_if.o
 .debug_info    0x0000000000024d45     0x13ef Middlewares/ST/STM32_WPAN/interface/patterns/ble_thread/tl/tl_mbox.o
 .debug_info    0x0000000000026134      0xa8a Middlewares/ST/STM32_WPAN/utilities/otp.o
 .debug_info    0x0000000000026bbe     0x110c Middlewares/ST/STM32_WPAN/utilities/stm_list.o
 .debug_info    0x0000000000027cca     0x18f4 STM32_WPAN/App/app_ble.o
 .debug_info    0x00000000000295be      0xd1c STM32_WPAN/App/custom_app.o
 .debug_info    0x000000000002a2da      0xe02 STM32_WPAN/App/custom_stm.o
 .debug_info    0x000000000002b0dc     0x1701 STM32_WPAN/Target/hw_ipcc.o
 .debug_info    0x000000000002c7dd      0xbf1 Utilities/lpm/tiny_lpm/stm32_lpm.o
 .debug_info    0x000000000002d3ce     0x10ae Utilities/sequencer/stm32_seq.o

.debug_abbrev   0x0000000000000000     0x5715
 .debug_abbrev  0x0000000000000000      0x26c Core/Src/app_debug.o
 .debug_abbrev  0x000000000000026c      0x2ca Core/Src/app_entry.o
 .debug_abbrev  0x0000000000000536      0x368 Core/Src/hw_timerserver.o
 .debug_abbrev  0x000000000000089e      0x332 Core/Src/main.o
 .debug_abbrev  0x0000000000000bd0      0x1ca Core/Src/stm32wbxx_hal_msp.o
 .debug_abbrev  0x0000000000000d9a      0x1ad Core/Src/stm32wbxx_it.o
 .debug_abbrev  0x0000000000000f47      0x163 Core/Src/system_stm32wbxx.o
 .debug_abbrev  0x00000000000010aa       0x12 Core/Startup/startup_stm32wb55rgvx.o
 .debug_abbrev  0x00000000000010bc      0x2df Drivers/STM32WBxx_HAL_Driver/Src/stm32wbxx_hal.o
 .debug_abbrev  0x000000000000139b      0x2f1 Drivers/STM32WBxx_HAL_Driver/Src/stm32wbxx_hal_cortex.o
 .debug_abbrev  0x000000000000168c      0x1a8 Drivers/STM32WBxx_HAL_Driver/Src/stm32wbxx_hal_crc.o
 .debug_abbrev  0x0000000000001834      0x13c Drivers/STM32WBxx_HAL_Driver/Src/stm32wbxx_hal_crc_ex.o
 .debug_abbrev  0x0000000000001970      0x1fe Drivers/STM32WBxx_HAL_Driver/Src/stm32wbxx_hal_hsem.o
 .debug_abbrev  0x0000000000001b6e      0x1b9 Drivers/STM32WBxx_HAL_Driver/Src/stm32wbxx_hal_pwr.o
 .debug_abbrev  0x0000000000001d27      0x2d6 Drivers/STM32WBxx_HAL_Driver/Src/stm32wbxx_hal_pwr_ex.o
 .debug_abbrev  0x0000000000001ffd      0x24a Drivers/STM32WBxx_HAL_Driver/Src/stm32wbxx_hal_rcc.o
 .debug_abbrev  0x0000000000002247      0x2d9 Drivers/STM32WBxx_HAL_Driver/Src/stm32wbxx_hal_rcc_ex.o
 .debug_abbrev  0x0000000000002520      0x1bc Drivers/STM32WBxx_HAL_Driver/Src/stm32wbxx_hal_rng.o
 .debug_abbrev  0x00000000000026dc      0x1b5 Drivers/STM32WBxx_HAL_Driver/Src/stm32wbxx_hal_rtc.o
 .debug_abbrev  0x0000000000002891      0x1c4 Drivers/STM32WBxx_HAL_Driver/Src/stm32wbxx_hal_rtc_ex.o
 .debug_abbrev  0x0000000000002a55      0x204 Middlewares/ST/STM32_WPAN/ble/core/auto/ble_gap_aci.o
 .debug_abbrev  0x0000000000002c59      0x20d Middlewares/ST/STM32_WPAN/ble/core/auto/ble_gatt_aci.o
 .debug_abbrev  0x0000000000002e66      0x204 Middlewares/ST/STM32_WPAN/ble/core/auto/ble_hal_aci.o
 .debug_abbrev  0x000000000000306a      0x1f9 Middlewares/ST/STM32_WPAN/ble/core/auto/ble_hci_le.o
 .debug_abbrev  0x0000000000003263      0x1a4 Middlewares/ST/STM32_WPAN/ble/core/template/osal.o
 .debug_abbrev  0x0000000000003407      0x223 Middlewares/ST/STM32_WPAN/ble/svc/Src/svc_ctl.o
 .debug_abbrev  0x000000000000362a      0x23a Middlewares/ST/STM32_WPAN/interface/patterns/ble_thread/shci/shci.o
 .debug_abbrev  0x0000000000003864      0x2aa Middlewares/ST/STM32_WPAN/interface/patterns/ble_thread/tl/hci_tl.o
 .debug_abbrev  0x0000000000003b0e      0x18e Middlewares/ST/STM32_WPAN/interface/patterns/ble_thread/tl/hci_tl_if.o
 .debug_abbrev  0x0000000000003c9c      0x27d Middlewares/ST/STM32_WPAN/interface/patterns/ble_thread/tl/shci_tl.o
 .debug_abbrev  0x0000000000003f19      0x18e Middlewares/ST/STM32_WPAN/interface/patterns/ble_thread/tl/shci_tl_if.o
 .debug_abbrev  0x00000000000040a7      0x288 Middlewares/ST/STM32_WPAN/interface/patterns/ble_thread/tl/tl_mbox.o
 .debug_abbrev  0x000000000000432f      0x1b7 Middlewares/ST/STM32_WPAN/utilities/otp.o
 .debug_abbrev  0x00000000000044e6      0x282 Middlewares/ST/STM32_WPAN/utilities/stm_list.o
 .debug_abbrev  0x0000000000004768      0x2cd STM32_WPAN/App/app_ble.o
 .debug_abbrev  0x0000000000004a35      0x1ef STM32_WPAN/App/custom_app.o
 .debug_abbrev  0x0000000000004c24      0x21a STM32_WPAN/App/custom_stm.o
 .debug_abbrev  0x0000000000004e3e      0x311 STM32_WPAN/Target/hw_ipcc.o
 .debug_abbrev  0x000000000000514f      0x293 Utilities/lpm/tiny_lpm/stm32_lpm.o
 .debug_abbrev  0x00000000000053e2      0x333 Utilities/sequencer/stm32_seq.o

.debug_aranges  0x0000000000000000     0x2190
 .debug_aranges
                0x0000000000000000       0x50 Core/Src/app_debug.o
 .debug_aranges
                0x0000000000000050       0x78 Core/Src/app_entry.o
 .debug_aranges
                0x00000000000000c8       0xa8 Core/Src/hw_timerserver.o
 .debug_aranges
                0x0000000000000170      0x118 Core/Src/main.o
 .debug_aranges
                0x0000000000000288       0x98 Core/Src/stm32wbxx_hal_msp.o
 .debug_aranges
                0x0000000000000320       0x80 Core/Src/stm32wbxx_it.o
 .debug_aranges
                0x00000000000003a0       0x28 Core/Src/system_stm32wbxx.o
 .debug_aranges
                0x00000000000003c8       0x30 Core/Startup/startup_stm32wb55rgvx.o
 .debug_aranges
                0x00000000000003f8      0x280 Drivers/STM32WBxx_HAL_Driver/Src/stm32wbxx_hal.o
 .debug_aranges