stm32wbxx_ll_exti.h:451:22:LL_EXTI_DisableIT_0_31	16	static
stm32wbxx_ll_exti.h:520:22:LL_EXTI_DisableIT_32_63	16	static
stm32wbxx_ll_rcc.h:1433:22:LL_RCC_HSE_SetCapacitorTuning	16	static
stm32wbxx_ll_rcc.h:1751:22:LL_RCC_LSE_SetDriveCapability	16	static
stm32wbxx_ll_rcc.h:3011:22:LL_RCC_ForceBackupDomainReset	4	static
stm32wbxx_ll_rcc.h:3021:22:LL_RCC_ReleaseBackupDomainReset	4	static
stm32wbxx_ll_rcc.h:4163:26:LL_RCC_IsActiveFlag_PINRST	4	static
stm32wbxx_ll_rcc.h:4173:26:LL_RCC_IsActiveFlag_SFTRST	4	static
stm32wbxx_ll_bus.h:512:22:LL_AHB2_GRP1_EnableClock	24	static
stm32wbxx_ll_bus.h:710:22:LL_AHB3_GRP1_EnableClock	24	static
stm32wbxx_ll_ipcc.h:313:22:LL_C1_IPCC_DisableTransmitChannel	16	static
stm32wbxx_ll_ipcc.h:382:22:LL_C1_IPCC_DisableReceiveChannel	16	static
stm32wbxx_ll_ipcc.h:451:22:LL_C2_IPCC_DisableTransmitChannel	16	static
stm32wbxx_ll_ipcc.h:520:22:LL_C2_IPCC_DisableReceiveChannel	16	static
stm32wbxx_ll_ipcc.h:575:22:LL_C1_IPCC_ClearFlag_CHx	16	static
stm32wbxx_ll_ipcc.h:646:22:LL_C2_IPCC_ClearFlag_CHx	16	static
stm32wbxx_ll_cortex.h:310:22:LL_LPM_EnableSleep	4	static
main.c:84:5:main	8	static
main.c:136:6:SystemClock_Config	192	static
main.c:203:13:MX_CRC_Init	8	static
main.c:234:13:MX_RF_Init	4	static
main.c:255:13:MX_RNG_Init	8	static
main.c:281:13:MX_RTC_Init	8	static
main.c:316:13:MX_GPIO_Init	8	static
main.c:325:6:PeriphClock_Config	4	static
main.c:378:13:Config_HSE	16	static
main.c:395:13:Reset_Device	8	static
main.c:406:13:Reset_IPCC	8	static
main.c:443:13:Reset_BackupDomain	8	static
main.c:462:13:Init_Exti	8	static
main.c:476:6:HAL_Delay	24	static,ignoring_inline_asm
main.c:510:6:Error_Handler	4	static
