stm32wbxx_ll_rcc.h:2957:22:LL_RCC_SetRTCClockSource	16	static
stm32wbxx_ll_rcc.h:2981:22:LL_RCC_EnableRTC	4	static
stm32wbxx_ll_rcc.h:2991:22:LL_RCC_DisableRTC	4	static
stm32wbxx_ll_bus.h:344:22:LL_AHB1_GRP1_EnableClock	24	static
stm32wbxx_ll_bus.h:388:22:LL_AHB1_GRP1_DisableClock	16	static
stm32wbxx_ll_bus.h:710:22:LL_AHB3_GRP1_EnableClock	24	static
stm32wbxx_ll_bus.h:762:22:LL_AHB3_GRP1_DisableClock	16	static
stm32wbxx_ll_bus.h:898:22:LL_APB1_GRP1_EnableClock	24	static
stm32wbxx_ll_bus.h:993:22:LL_APB1_GRP1_DisableClock	16	static
stm32wbxx_hal_msp.c:64:6:HAL_MspInit	8	static
stm32wbxx_hal_msp.c:91:6:HAL_CRC_MspInit	16	static
stm32wbxx_hal_msp.c:113:6:HAL_CRC_MspDeInit	16	static
stm32wbxx_hal_msp.c:135:6:HAL_RNG_MspInit	16	static
stm32wbxx_hal_msp.c:157:6:HAL_RNG_MspDeInit	16	static
stm32wbxx_hal_msp.c:179:6:HAL_RTC_MspInit	16	static
stm32wbxx_hal_msp.c:209:6:HAL_RTC_MspDeInit	16	static
